Archive member included to satisfy reference by file (symbol)

/usr/local/gcc-arm-none-eabi-5_2-2015q4/bin/../lib/gcc/arm-none-eabi/5.2.1/armv7e-m/libgcc.a(unwind-arm.o)
                              ./system/src/newlib/_cxx.o (__aeabi_unwind_cpp_pr1)
/usr/local/gcc-arm-none-eabi-5_2-2015q4/bin/../lib/gcc/arm-none-eabi/5.2.1/armv7e-m/libgcc.a(libunwind.o)
                              /usr/local/gcc-arm-none-eabi-5_2-2015q4/bin/../lib/gcc/arm-none-eabi/5.2.1/armv7e-m/libgcc.a(unwind-arm.o) (restore_core_regs)
/usr/local/gcc-arm-none-eabi-5_2-2015q4/bin/../lib/gcc/arm-none-eabi/5.2.1/armv7e-m/libgcc.a(pr-support.o)
                              /usr/local/gcc-arm-none-eabi-5_2-2015q4/bin/../lib/gcc/arm-none-eabi/5.2.1/armv7e-m/libgcc.a(unwind-arm.o) (__gnu_unwind_execute)
/usr/local/gcc-arm-none-eabi-5_2-2015q4/bin/../lib/gcc/arm-none-eabi/5.2.1/../../../../arm-none-eabi/lib/armv7e-m/libg.a(lib_a-ctype_.o)
                              ./system/src/newlib/_syscalls.o (__ctype_ptr__)
/usr/local/gcc-arm-none-eabi-5_2-2015q4/bin/../lib/gcc/arm-none-eabi/5.2.1/../../../../arm-none-eabi/lib/armv7e-m/libg.a(lib_a-errno.o)
                              ./system/src/newlib/_sbrk.o (__errno)
/usr/local/gcc-arm-none-eabi-5_2-2015q4/bin/../lib/gcc/arm-none-eabi/5.2.1/../../../../arm-none-eabi/lib/armv7e-m/libg.a(lib_a-findfp.o)
                              ./system/src/newlib/_syscalls.o (__sinit)
/usr/local/gcc-arm-none-eabi-5_2-2015q4/bin/../lib/gcc/arm-none-eabi/5.2.1/../../../../arm-none-eabi/lib/armv7e-m/libg.a(lib_a-fwalk.o)
                              /usr/local/gcc-arm-none-eabi-5_2-2015q4/bin/../lib/gcc/arm-none-eabi/5.2.1/../../../../arm-none-eabi/lib/armv7e-m/libg.a(lib_a-findfp.o) (_fwalk)
/usr/local/gcc-arm-none-eabi-5_2-2015q4/bin/../lib/gcc/arm-none-eabi/5.2.1/../../../../arm-none-eabi/lib/armv7e-m/libg.a(lib_a-impure.o)
                              /usr/local/gcc-arm-none-eabi-5_2-2015q4/bin/../lib/gcc/arm-none-eabi/5.2.1/../../../../arm-none-eabi/lib/armv7e-m/libg.a(lib_a-findfp.o) (_global_impure_ptr)
/usr/local/gcc-arm-none-eabi-5_2-2015q4/bin/../lib/gcc/arm-none-eabi/5.2.1/../../../../arm-none-eabi/lib/armv7e-m/libg.a(lib_a-malloc.o)
                              ./Middleware/freertos_cortex_m4/FreeRTOS/Source/portable/MemMang/heap_3.o (malloc)
/usr/local/gcc-arm-none-eabi-5_2-2015q4/bin/../lib/gcc/arm-none-eabi/5.2.1/../../../../arm-none-eabi/lib/armv7e-m/libg.a(lib_a-mallocr.o)
                              /usr/local/gcc-arm-none-eabi-5_2-2015q4/bin/../lib/gcc/arm-none-eabi/5.2.1/../../../../arm-none-eabi/lib/armv7e-m/libg.a(lib_a-findfp.o) (_malloc_r)
/usr/local/gcc-arm-none-eabi-5_2-2015q4/bin/../lib/gcc/arm-none-eabi/5.2.1/../../../../arm-none-eabi/lib/armv7e-m/libg.a(lib_a-memcpy.o)
                              ./Middleware/freertos_cortex_m4/FreeRTOS/Source/queue.o (memcpy)
/usr/local/gcc-arm-none-eabi-5_2-2015q4/bin/../lib/gcc/arm-none-eabi/5.2.1/../../../../arm-none-eabi/lib/armv7e-m/libg.a(lib_a-memset.o)
                              ./system/src/newlib/_syscalls.o (memset)
/usr/local/gcc-arm-none-eabi-5_2-2015q4/bin/../lib/gcc/arm-none-eabi/5.2.1/../../../../arm-none-eabi/lib/armv7e-m/libg.a(lib_a-mlock.o)
                              /usr/local/gcc-arm-none-eabi-5_2-2015q4/bin/../lib/gcc/arm-none-eabi/5.2.1/../../../../arm-none-eabi/lib/armv7e-m/libg.a(lib_a-mallocr.o) (__malloc_lock)
/usr/local/gcc-arm-none-eabi-5_2-2015q4/bin/../lib/gcc/arm-none-eabi/5.2.1/../../../../arm-none-eabi/lib/armv7e-m/libg.a(lib_a-puts.o)
                              ./src/main.o (puts)
/usr/local/gcc-arm-none-eabi-5_2-2015q4/bin/../lib/gcc/arm-none-eabi/5.2.1/../../../../arm-none-eabi/lib/armv7e-m/libg.a(lib_a-sbrkr.o)
                              /usr/local/gcc-arm-none-eabi-5_2-2015q4/bin/../lib/gcc/arm-none-eabi/5.2.1/../../../../arm-none-eabi/lib/armv7e-m/libg.a(lib_a-mallocr.o) (_sbrk_r)
/usr/local/gcc-arm-none-eabi-5_2-2015q4/bin/../lib/gcc/arm-none-eabi/5.2.1/../../../../arm-none-eabi/lib/armv7e-m/libg.a(lib_a-stdio.o)
                              /usr/local/gcc-arm-none-eabi-5_2-2015q4/bin/../lib/gcc/arm-none-eabi/5.2.1/../../../../arm-none-eabi/lib/armv7e-m/libg.a(lib_a-findfp.o) (__sread)
/usr/local/gcc-arm-none-eabi-5_2-2015q4/bin/../lib/gcc/arm-none-eabi/5.2.1/../../../../arm-none-eabi/lib/armv7e-m/libg.a(lib_a-strcmp.o)
                              ./system/src/cortexm/exception_handlers.o (strcmp)
/usr/local/gcc-arm-none-eabi-5_2-2015q4/bin/../lib/gcc/arm-none-eabi/5.2.1/../../../../arm-none-eabi/lib/armv7e-m/libg.a(lib_a-strlen.o)
                              ./system/src/newlib/_syscalls.o (strlen)
/usr/local/gcc-arm-none-eabi-5_2-2015q4/bin/../lib/gcc/arm-none-eabi/5.2.1/../../../../arm-none-eabi/lib/armv7e-m/libg.a(lib_a-strncpy.o)
                              ./system/src/newlib/_syscalls.o (strncpy)
/usr/local/gcc-arm-none-eabi-5_2-2015q4/bin/../lib/gcc/arm-none-eabi/5.2.1/../../../../arm-none-eabi/lib/armv7e-m/libg.a(lib_a-vsnprintf.o)
[...]
Memory Configuration

Name             Origin             Length             Attributes
RAM              0x0000000020000000 0x0000000000020000 xrw
CCMRAM           0x0000000010000000 0x0000000000010000 xrw
FLASH            0x0000000008000000 0x0000000000100000 xr
FLASHB1          0x0000000000000000 0x0000000000000000 xr
EXTMEMB0         0x0000000000000000 0x0000000000000000 xr
EXTMEMB1         0x0000000000000000 0x0000000000000000 xr
EXTMEMB2         0x0000000000000000 0x0000000000000000 xr
EXTMEMB3         0x0000000000000000 0x0000000000000000 xr
MEMORY_ARRAY     0x0000000020002000 0x0000000000000020 xrw
*default*        0x0000000000000000 0xffffffffffffffff

Linker script and memory map

LOAD ./system/src/newlib/__dso_handle.o
LOAD ./system/src/newlib/_cxx.o
LOAD ./system/src/newlib/_exit.o
LOAD ./system/src/newlib/_sbrk.o
LOAD ./system/src/newlib/_startup.o
LOAD ./system/src/newlib/_syscalls.o
LOAD ./system/src/newlib/assert.o
LOAD ./system/src/diag/Trace.o
LOAD ./system/src/diag/trace_impl.o
LOAD ./system/src/cortexm/_initialize_hardware.o
LOAD ./system/src/cortexm/_reset_hardware.o
LOAD ./system/src/cortexm/exception_handlers.o
LOAD ./system/src/cmsis/system_stm32f4xx.o
LOAD ./system/src/cmsis/vectors_stm32f4xx.o
LOAD ./src/main.o
LOAD ./Middleware/freertos_cortex_m4/FreeRTOS/Source/portable/MemMang/heap_3.o
LOAD ./Middleware/freertos_cortex_m4/FreeRTOS/Source/portable/GCC/ARM_CM3/port.o
LOAD ./Middleware/freertos_cortex_m4/FreeRTOS/Source/CMSIS_RTOS/cmsis_os.o
LOAD ./Middleware/freertos_cortex_m4/FreeRTOS/Source/croutine.o
LOAD ./Middleware/freertos_cortex_m4/FreeRTOS/Source/event_groups.o
LOAD ./Middleware/freertos_cortex_m4/FreeRTOS/Source/list.o
LOAD ./Middleware/freertos_cortex_m4/FreeRTOS/Source/queue.o
LOAD ./Middleware/freertos_cortex_m4/FreeRTOS/Source/tasks.o
LOAD ./Middleware/freertos_cortex_m4/FreeRTOS/Source/timers.o
LOAD ./Middleware/feabhos/C/FreeRTOS/src/feabhOS_condition.o
LOAD ./Middleware/feabhos/C/FreeRTOS/src/feabhOS_interrupts.o
LOAD ./Middleware/feabhos/C/FreeRTOS/src/feabhOS_memory.o
LOAD ./Middleware/feabhos/C/FreeRTOS/src/feabhOS_mutex.o
LOAD ./Middleware/feabhos/C/FreeRTOS/src/feabhOS_queue.o
LOAD ./Middleware/feabhos/C/FreeRTOS/src/feabhOS_scheduler.o
LOAD ./Middleware/feabhos/C/FreeRTOS/src/feabhOS_semaphore.o
LOAD ./Middleware/feabhos/C/FreeRTOS/src/feabhOS_signal.o
LOAD ./Middleware/feabhos/C/FreeRTOS/src/feabhOS_task.o
LOAD ./Drivers/_write.o
LOAD ./Drivers/timer.o
LOAD ./Drivers/usart3_remap.o
LOAD /usr/local/gcc-arm-none-eabi-5_2-2015q4/bin/../lib/gcc/arm-none-eabi/5.2.1/../../../../arm-none-eabi/lib/armv7e-m/libstdc++.a
LOAD /usr/local/gcc-arm-none-eabi-5_2-2015q4/bin/../lib/gcc/arm-none-eabi/5.2.1/../../../../arm-none-eabi/lib/armv7e-m/libm.a
START GROUP
LOAD /usr/local/gcc-arm-none-eabi-5_2-2015q4/bin/../lib/gcc/arm-none-eabi/5.2.1/armv7e-m/libgcc.a
LOAD /usr/local/gcc-arm-none-eabi-5_2-2015q4/bin/../lib/gcc/arm-none-eabi/5.2.1/../../../../arm-none-eabi/lib/armv7e-m/libg.a
LOAD /usr/local/gcc-arm-none-eabi-5_2-2015q4/bin/../lib/gcc/arm-none-eabi/5.2.1/../../../../arm-none-eabi/lib/armv7e-m/libc.a
END GROUP
                0x0000000020020000                __stack = (ORIGIN (RAM) + LENGTH (RAM))
                0x0000000020020000                _estack = __stack
                0x0000000000000400                __Main_Stack_Size = 0x400
                [!provide]                        PROVIDE (_Main_Stack_Size, __Main_Stack_Size)
                0x000000002001fc00                __Main_Stack_Limit = (__stack - __Main_Stack_Size)
                [!provide]                        PROVIDE (_Main_Stack_Limit, __Main_Stack_Limit)
                0x0000000000000100                _Minimum_Stack_Size = 0x100
                0x0000000020000b34                PROVIDE (_Heap_Begin, _end_noinit)
                0x000000002001fc00                PROVIDE (_Heap_Limit, (__stack - __Main_Stack_Size))

.isr_vector     0x0000000008000000      0x3d0
 FILL mask 0xff
                0x0000000008000000                __vectors_start__ = ABSOLUTE (.)
 *(.isr_vector)
 .isr_vector    0x0000000008000000      0x188 ./system/src/cmsis/vectors_stm32f4xx.o
                0x0000000008000000                __isr_vectors
 *(.cfmconfig)
 *(.after_vectors .after_vectors.*)
 .after_vectors
                0x0000000008000188      0x114 ./system/src/newlib/_startup.o
                0x0000000008000188                _start
 .after_vectors
                0x000000000800029c      0x130 ./system/src/cortexm/exception_handlers.o
                0x000000000800029c                Reset_Handler
                0x00000000080002a4                NMI_Handler
                0x00000000080002a8                HardFault_Handler
                0x00000000080002bc                HardFault_Handler_C
                0x000000000800031c                MemManage_Handler
                0x0000000008000320                BusFault_Handler
                0x0000000008000334                BusFault_Handler_C
                0x0000000008000368                UsageFault_Handler
                0x000000000800037c                UsageFault_Handler_C
                0x00000000080003b4                DebugMon_Handler
 .after_vectors
                0x00000000080003cc        0x4 ./system/src/cmsis/vectors_stm32f4xx.o
                0x00000000080003cc                DMA1_Stream3_IRQHandler
                0x00000000080003cc                HASH_RNG_IRQHandler
                0x00000000080003cc                EXTI2_IRQHandler
                0x00000000080003cc                TIM8_CC_IRQHandler
                0x00000000080003cc                TIM1_CC_IRQHandler
                0x00000000080003cc                DMA2_Stream5_IRQHandler
                0x00000000080003cc                DMA1_Stream5_IRQHandler
                0x00000000080003cc                PVD_IRQHandler
                0x00000000080003cc                SDIO_IRQHandler
                0x00000000080003cc                TAMP_STAMP_IRQHandler
                0x00000000080003cc                CAN2_RX1_IRQHandler
                0x00000000080003cc                EXTI3_IRQHandler
                0x00000000080003cc                TIM8_TRG_COM_TIM14_IRQHandler
                0x00000000080003cc                TIM1_UP_TIM10_IRQHandler
                0x00000000080003cc                TIM8_UP_TIM13_IRQHandler
                0x00000000080003cc                I2C3_ER_IRQHandler
                0x00000000080003cc                EXTI0_IRQHandler
                0x00000000080003cc                I2C2_EV_IRQHandler
                0x00000000080003cc                DMA1_Stream2_IRQHandler
                0x00000000080003cc                CAN1_RX0_IRQHandler
                0x00000000080003cc                FPU_IRQHandler
                0x00000000080003cc                OTG_HS_WKUP_IRQHandler
                0x00000000080003cc                CAN2_SCE_IRQHandler
                0x00000000080003cc                DMA2_Stream2_IRQHandler
                0x00000000080003cc                SPI1_IRQHandler
                0x00000000080003cc                TIM6_DAC_IRQHandler
                0x00000000080003cc                TIM1_BRK_TIM9_IRQHandler
                0x00000000080003cc                DCMI_IRQHandler
                0x00000000080003cc                CAN2_RX0_IRQHandler
                0x00000000080003cc                DMA2_Stream3_IRQHandler
                0x00000000080003cc                USART6_IRQHandler
                0x00000000080003cc                USART3_IRQHandler
                0x00000000080003cc                CAN1_RX1_IRQHandler
                0x00000000080003cc                UART5_IRQHandler
                0x00000000080003cc                DMA2_Stream0_IRQHandler
                0x00000000080003cc                TIM4_IRQHandler
                0x00000000080003cc                I2C1_EV_IRQHandler
                0x00000000080003cc                DMA1_Stream6_IRQHandler
                0x00000000080003cc                DMA1_Stream1_IRQHandler
                0x00000000080003cc                UART4_IRQHandler
                0x00000000080003cc                TIM3_IRQHandler
                0x00000000080003cc                RCC_IRQHandler
                0x00000000080003cc                TIM8_BRK_TIM12_IRQHandler
                0x00000000080003cc                Default_Handler
                0x00000000080003cc                EXTI15_10_IRQHandler
                0x00000000080003cc                ADC_IRQHandler
                0x00000000080003cc                DMA1_Stream7_IRQHandler
                0x00000000080003cc                TIM7_IRQHandler
                0x00000000080003cc                CAN2_TX_IRQHandler
                0x00000000080003cc                TIM5_IRQHandler
                0x00000000080003cc                DMA2_Stream7_IRQHandler
                0x00000000080003cc                I2C3_EV_IRQHandler
                0x00000000080003cc                EXTI9_5_IRQHandler
                0x00000000080003cc                RTC_WKUP_IRQHandler
                0x00000000080003cc                ETH_WKUP_IRQHandler
                0x00000000080003cc                SPI2_IRQHandler
                0x00000000080003cc                OTG_HS_EP1_IN_IRQHandler
                0x00000000080003cc                DMA1_Stream0_IRQHandler
                0x00000000080003cc                CAN1_TX_IRQHandler
                0x00000000080003cc                EXTI4_IRQHandler
                0x00000000080003cc                FSMC_IRQHandler
                0x00000000080003cc                ETH_IRQHandler
                0x00000000080003cc                OTG_HS_EP1_OUT_IRQHandler
                0x00000000080003cc                WWDG_IRQHandler
                0x00000000080003cc                TIM2_IRQHandler
                0x00000000080003cc                OTG_FS_WKUP_IRQHandler
                0x00000000080003cc                TIM1_TRG_COM_TIM11_IRQHandler
                0x00000000080003cc                OTG_HS_IRQHandler
                0x00000000080003cc                EXTI1_IRQHandler
                0x00000000080003cc                USART2_IRQHandler
                0x00000000080003cc                I2C2_ER_IRQHandler
                0x00000000080003cc                DMA2_Stream1_IRQHandler
                0x00000000080003cc                CAN1_SCE_IRQHandler
                0x00000000080003cc                FLASH_IRQHandler
                0x00000000080003cc                DMA2_Stream4_IRQHandler
                0x00000000080003cc                USART1_IRQHandler
                0x00000000080003cc                OTG_FS_IRQHandler
                0x00000000080003cc                SPI3_IRQHandler
                0x00000000080003cc                DMA1_Stream4_IRQHandler
                0x00000000080003cc                I2C1_ER_IRQHandler
                0x00000000080003cc                DMA2_Stream6_IRQHandler
                0x00000000080003cc                RTC_Alarm_IRQHandler

.inits          0x00000000080003d0       0x28
                0x00000000080003d0                __data_regions_array_start = .
                0x00000000080003d0        0x4 LONG 0x8006a80 LOADADDR (.data)
                0x00000000080003d4        0x4 LONG 0x20000000 ADDR (.data)
                0x00000000080003d8        0x4 LONG 0x20000898 (ADDR (.data) + SIZEOF (.data))
                0x00000000080003dc        0x4 LONG 0x8006a80 LOADADDR (.data_CCMRAM)
                0x00000000080003e0        0x4 LONG 0x10000000 ADDR (.data_CCMRAM)
                0x00000000080003e4        0x4 LONG 0x10000000 (ADDR (.data_CCMRAM) + SIZEOF (.data_CCMRAM))
                0x00000000080003e8                __data_regions_array_end = .
                0x00000000080003e8                __bss_regions_array_start = .
                0x00000000080003e8        0x4 LONG 0x20000898 ADDR (.bss)
                0x00000000080003ec        0x4 LONG 0x20000b34 (ADDR (.bss) + SIZEOF (.bss))
                0x00000000080003f0        0x4 LONG 0x10000000 ADDR (.bss_CCMRAM)
                0x00000000080003f4        0x4 LONG 0x10000000 (ADDR (.bss_CCMRAM) + SIZEOF (.bss_CCMRAM))
                0x00000000080003f8                __bss_regions_array_end = .
 *(.init)
 *(.fini)
                0x00000000080003f8                . = ALIGN (0x4)
                0x00000000080003f8                PROVIDE (__preinit_array_start, .)
 *(.preinit_array_sysinit .preinit_array_sysinit.*)
 *(.preinit_array_platform .preinit_array_platform.*)
 *(.preinit_array .preinit_array.*)
                0x00000000080003f8                PROVIDE (__preinit_array_end, .)
                0x00000000080003f8                . = ALIGN (0x4)
                0x00000000080003f8                PROVIDE (__init_array_start, .)
 *(SORT(.init_array.*))
 *(.init_array)
                0x00000000080003f8                PROVIDE (__init_array_end, .)
                0x00000000080003f8                . = ALIGN (0x4)
                0x00000000080003f8                PROVIDE (__fini_array_start, .)
 *(SORT(.fini_array.*))
 *(.fini_array)
                0x00000000080003f8                PROVIDE (__fini_array_end, .)

.flashtext
 *(.flashtext .flashtext.*)

.text           0x0000000008000400     0x6678
 *(.text .text.*)
 .text._sbrk    0x0000000008000400       0x44 ./system/src/newlib/_sbrk.o
                0x0000000008000400                _sbrk
 .text.get_errno
                0x0000000008000444       0x14 ./system/src/newlib/_syscalls.o
 .text.error    0x0000000008000458       0x14 ./system/src/newlib/_syscalls.o
 .text.checkerror
                0x000000000800046c       0x10 ./system/src/newlib/_syscalls.o
 .text.findslot
                0x000000000800047c       0x3c ./system/src/newlib/_syscalls.o
 .text._exit    0x00000000080004b8       0x20 ./system/src/newlib/_syscalls.o
                0x00000000080004b8                _exit
 .text.initialise_monitor_handles
                0x00000000080004d8       0xa8 ./system/src/newlib/_syscalls.o
                0x00000000080004d8                initialise_monitor_handles
 .text.__initialize_args
                0x0000000008000580       0xe0 ./system/src/newlib/_syscalls.o
                0x0000000008000580                __initialize_args
 .text._swiread
                0x0000000008000660       0x20 ./system/src/newlib/_syscalls.o
                0x0000000008000660                _swiread
 .text._read    0x0000000008000680       0x38 ./system/src/newlib/_syscalls.o
                0x0000000008000680                _read
 .text._swilseek
                0x00000000080006b8       0xbc ./system/src/newlib/_syscalls.o
                0x00000000080006b8                _swilseek
 .text._lseek   0x0000000008000774        0x8 ./system/src/newlib/_syscalls.o
                0x0000000008000774                _lseek
 .text._swiwrite
                0x000000000800077c       0x20 ./system/src/newlib/_syscalls.o
                0x000000000800077c                _swiwrite
 .text._write   0x000000000800079c       0x44 ./system/src/newlib/_syscalls.o
                0x000000000800079c                _write
 .text._swiclose
                0x00000000080007e0       0x20 ./system/src/newlib/_syscalls.o
                0x00000000080007e0                _swiclose
 .text._close   0x0000000008000800       0x4c ./system/src/newlib/_syscalls.o
                0x0000000008000800                _close
 .text._swistat
                0x000000000800084c       0x4c ./system/src/newlib/_syscalls.o
                0x000000000800084c                _swistat
 .text._fstat   0x0000000008000898       0x1c ./system/src/newlib/_syscalls.o
                0x0000000008000898                _fstat
 .text._isatty  0x00000000080008b4       0x38 ./system/src/newlib/_syscalls.o
                0x00000000080008b4                _isatty
 .text.trace_printf
                0x00000000080008ec       0x30 ./system/src/diag/Trace.o
                0x00000000080008ec                trace_printf
 .text._trace_write_semihosting_stdout
                0x000000000800091c       0x70 ./system/src/diag/trace_impl.o
 .text.trace_write
                0x000000000800098c        0x8 ./system/src/diag/trace_impl.o
                0x000000000800098c                trace_write
 .text.__initialize_hardware_early
                0x0000000008000994        0x8 ./system/src/cortexm/_initialize_hardware.o
                0x0000000008000994                __initialize_hardware_early
 .text.__initialize_hardware
                0x000000000800099c        0x8 ./system/src/cortexm/_initialize_hardware.o
                0x000000000800099c                __initialize_hardware
 .text.dumpExceptionStack
                0x00000000080009a4       0xf0 ./system/src/cortexm/exception_handlers.o
                0x00000000080009a4                dumpExceptionStack
 .text.isSemihosting
                0x0000000008000a94       0xfc ./system/src/cortexm/exception_handlers.o
                0x0000000008000a94                isSemihosting
 .text.SystemInit
                0x0000000008000b90       0x40 ./system/src/cmsis/system_stm32f4xx.o
                0x0000000008000b90                SystemInit
 .text.SystemCoreClockUpdate
                0x0000000008000bd0       0xa4 ./system/src/cmsis/system_stm32f4xx.o
                0x0000000008000bd0                SystemCoreClockUpdate
 .text.main     0x0000000008000c74       0x10 ./src/main.o
                0x0000000008000c74                main
 .text.SVC_Handler
                0x0000000008000c84       0x24 ./Middleware/freertos_cortex_m4/FreeRTOS/Source/portable/GCC/ARM_CM3/port.o
                0x0000000008000c84                SVC_Handler
 .text.ulPortSetInterruptMask
                0x0000000008000ca8       0x10 ./Middleware/freertos_cortex_m4/FreeRTOS/Source/portable/GCC/ARM_CM3/port.o
                0x0000000008000ca8                ulPortSetInterruptMask
 .text.vPortClearInterruptMask
                0x0000000008000cb8        0x8 ./Middleware/freertos_cortex_m4/FreeRTOS/Source/portable/GCC/ARM_CM3/port.o
                0x0000000008000cb8                vPortClearInterruptMask
 .text.PendSV_Handler
                0x0000000008000cc0       0x44 ./Middleware/freertos_cortex_m4/FreeRTOS/Source/portable/GCC/ARM_CM3/port.o
                0x0000000008000cc0                PendSV_Handler
 .text.xPortSysTickHandler
                0x0000000008000d04       0x20 ./Middleware/freertos_cortex_m4/FreeRTOS/Source/portable/GCC/ARM_CM3/port.o
                0x0000000008000d04                xPortSysTickHandler
 .text.vListInsertEnd
                0x0000000008000d24       0x18 ./Middleware/freertos_cortex_m4/FreeRTOS/Source/list.o
                0x0000000008000d24                vListInsertEnd
 .text.uxListRemove
                0x0000000008000d3c       0x24 ./Middleware/freertos_cortex_m4/FreeRTOS/Source/list.o
                0x0000000008000d3c                uxListRemove
 .text.prvResetNextTaskUnblockTime
                0x0000000008000d60       0x34 ./Middleware/freertos_cortex_m4/FreeRTOS/Source/tasks.o
 .text.xTaskIncrementTick
                0x0000000008000d94      0x11c ./Middleware/freertos_cortex_m4/FreeRTOS/Source/tasks.o
                0x0000000008000d94                xTaskIncrementTick
 .text.vTaskSwitchContext
                0x0000000008000eb0       0x88 ./Middleware/freertos_cortex_m4/FreeRTOS/Source/tasks.o
                0x0000000008000eb0                vTaskSwitchContext
 .text.SysTick_Handler
                0x0000000008000f38        0x8 ./Drivers/timer.o
                0x0000000008000f38                SysTick_Handler
 .text.__errno  0x0000000008000f40        0xc /usr/local/gcc-arm-none-eabi-5_2-2015q4/bin/../lib/gcc/arm-none-eabi/5.2.1/../../../../arm-none-eabi/lib/armv7e-m/libg.a(lib_a-errno.o)
                0x0000000008000f40                __errno
 .text._cleanup_r
                0x0000000008000f4c        0xc /usr/local/gcc-arm-none-eabi-5_2-2015q4/bin/../lib/gcc/arm-none-eabi/5.2.1/../../../../arm-none-eabi/lib/armv7e-m/libg.a(lib_a-findfp.o)
                0x0000000008000f4c                _cleanup_r
 .text.__sinit.part.1
                0x0000000008000f58       0xf0 /usr/local/gcc-arm-none-eabi-5_2-2015q4/bin/../lib/gcc/arm-none-eabi/5.2.1/../../../../arm-none-eabi/lib/armv7e-m/libg.a(lib_a-findfp.o)
 .text.__sinit  0x0000000008001048        0xc /usr/local/gcc-arm-none-eabi-5_2-2015q4/bin/../lib/gcc/arm-none-eabi/5.2.1/../../../../arm-none-eabi/lib/armv7e-m/libg.a(lib_a-findfp.o)
                0x0000000008001048                __sinit
 .text.__sfp_lock_acquire
                0x0000000008001054        0x4 /usr/local/gcc-arm-none-eabi-5_2-2015q4/bin/../lib/gcc/arm-none-eabi/5.2.1/../../../../arm-none-eabi/lib/armv7e-m/libg.a(lib_a-findfp.o)
                0x0000000008001054                __sfp_lock_acquire
 .text.__sfp_lock_release
                0x0000000008001058        0x4 /usr/local/gcc-arm-none-eabi-5_2-2015q4/bin/../lib/gcc/arm-none-eabi/5.2.1/../../../../arm-none-eabi/lib/armv7e-m/libg.a(lib_a-findfp.o)
                0x0000000008001058                __sfp_lock_release
 .text._fwalk_reent
                0x000000000800105c       0x54 /usr/local/gcc-arm-none-eabi-5_2-2015q4/bin/../lib/gcc/arm-none-eabi/5.2.1/../../../../arm-none-eabi/lib/armv7e-m/libg.a(lib_a-fwalk.o)
                0x000000000800105c                _fwalk_reent
 .text._malloc_r
                0x00000000080010b0      0x570 /usr/local/gcc-arm-none-eabi-5_2-2015q4/bin/../lib/gcc/arm-none-eabi/5.2.1/../../../../arm-none-eabi/lib/armv7e-m/libg.a(lib_a-mallocr.o)
                0x00000000080010b0                _malloc_r
 .text          0x0000000008001620      0x134 /usr/local/gcc-arm-none-eabi-5_2-2015q4/bin/../lib/gcc/arm-none-eabi/5.2.1/../../../../arm-none-eabi/lib/armv7e-m/libg.a(lib_a-memcpy.o)
                0x0000000008001620                memcpy
 .text.memset   0x0000000008001754       0x9c /usr/local/gcc-arm-none-eabi-5_2-2015q4/bin/../lib/gcc/arm-none-eabi/5.2.1/../../../../arm-none-eabi/lib/armv7e-m/libg.a(lib_a-memset.o)
                0x0000000008001754                memset
 .text.__malloc_lock
                0x00000000080017f0        0x4 /usr/local/gcc-arm-none-eabi-5_2-2015q4/bin/../lib/gcc/arm-none-eabi/5.2.1/../../../../arm-none-eabi/lib/armv7e-m/libg.a(lib_a-mlock.o)
                0x00000000080017f0                __malloc_lock
 .text.__malloc_unlock
                0x00000000080017f4        0x4 /usr/local/gcc-arm-none-eabi-5_2-2015q4/bin/../lib/gcc/arm-none-eabi/5.2.1/../../../../arm-none-eabi/lib/armv7e-m/libg.a(lib_a-mlock.o)
                0x00000000080017f4                __malloc_unlock
 .text._puts_r  0x00000000080017f8       0x64 /usr/local/gcc-arm-none-eabi-5_2-2015q4/bin/../lib/gcc/arm-none-eabi/5.2.1/../../../../arm-none-eabi/lib/armv7e-m/libg.a(lib_a-puts.o)
                0x00000000080017f8                _puts_r
 .text.puts     0x000000000800185c       0x10 /usr/local/gcc-arm-none-eabi-5_2-2015q4/bin/../lib/gcc/arm-none-eabi/5.2.1/../../../../arm-none-eabi/lib/armv7e-m/libg.a(lib_a-puts.o)
                0x000000000800185c                puts
 .text._sbrk_r  0x000000000800186c       0x24 /usr/local/gcc-arm-none-eabi-5_2-2015q4/bin/../lib/gcc/arm-none-eabi/5.2.1/../../../../arm-none-eabi/lib/armv7e-m/libg.a(lib_a-sbrkr.o)
                0x000000000800186c                _sbrk_r
 .text.__sread  0x0000000008001890       0x24 /usr/local/gcc-arm-none-eabi-5_2-2015q4/bin/../lib/gcc/arm-none-eabi/5.2.1/../../../../arm-none-eabi/lib/armv7e-m/libg.a(lib_a-stdio.o)
                0x0000000008001890                __sread
 .text.__swrite
                0x00000000080018b4       0x38 /usr/local/gcc-arm-none-eabi-5_2-2015q4/bin/../lib/gcc/arm-none-eabi/5.2.1/../../../../arm-none-eabi/lib/armv7e-m/libg.a(lib_a-stdio.o)
                0x00000000080018b4                __swrite
 .text.__sseek  0x00000000080018ec       0x20 /usr/local/gcc-arm-none-eabi-5_2-2015q4/bin/../lib/gcc/arm-none-eabi/5.2.1/../../../../arm-none-eabi/lib/armv7e-m/libg.a(lib_a-stdio.o)
                0x00000000080018ec                __sseek
 .text.__sclose
                0x000000000800190c        0x8 /usr/local/gcc-arm-none-eabi-5_2-2015q4/bin/../lib/gcc/arm-none-eabi/5.2.1/../../../../arm-none-eabi/lib/armv7e-m/libg.a(lib_a-stdio.o)
                0x000000000800190c                __sclose
 *fill*         0x0000000008001914        0xc 
 .text          0x0000000008001920      0x2dc /usr/local/gcc-arm-none-eabi-5_2-2015q4/bin/../lib/gcc/arm-none-eabi/5.2.1/../../../../arm-none-eabi/lib/armv7e-m/libg.a(lib_a-strcmp.o)
                0x0000000008001928                strcmp
 *fill*         0x0000000008001bfc        0x4 
 .text          0x0000000008001c00       0xdc /usr/local/gcc-arm-none-eabi-5_2-2015q4/bin/../lib/gcc/arm-none-eabi/5.2.1/../../../../arm-none-eabi/lib/armv7e-m/libg.a(lib_a-strlen.o)
                0x0000000008001c00                strlen
 .text._vsnprintf_r
                0x0000000008001cdc       0x74 /usr/local/gcc-arm-none-eabi-5_2-2015q4/bin/../lib/gcc/arm-none-eabi/5.2.1/../../../../arm-none-eabi/lib/armv7e-m/libg.a(lib_a-vsnprintf.o)
                0x0000000008001cdc                _vsnprintf_r
 .text.vsnprintf
                0x0000000008001d50       0x20 /usr/local/gcc-arm-none-eabi-5_2-2015q4/bin/../lib/gcc/arm-none-eabi/5.2.1/../../../../arm-none-eabi/lib/armv7e-m/libg.a(lib_a-vsnprintf.o)
                0x0000000008001d50                vsnprintf
 .text._write_r
                0x0000000008001d70       0x2c /usr/local/gcc-arm-none-eabi-5_2-2015q4/bin/../lib/gcc/arm-none-eabi/5.2.1/../../../../arm-none-eabi/lib/armv7e-m/libg.a(lib_a-writer.o)
                0x0000000008001d70                _write_r
 .text._close_r
                0x0000000008001d9c       0x24 /usr/local/gcc-arm-none-eabi-5_2-2015q4/bin/../lib/gcc/arm-none-eabi/5.2.1/../../../../arm-none-eabi/lib/armv7e-m/libg.a(lib_a-closer.o)
                0x0000000008001d9c                _close_r
 .text._fclose_r
                0x0000000008001dc0       0x84 /usr/local/gcc-arm-none-eabi-5_2-2015q4/bin/../lib/gcc/arm-none-eabi/5.2.1/../../../../arm-none-eabi/lib/armv7e-m/libg.a(lib_a-fclose.o)
                0x0000000008001dc0                _fclose_r
 .text.__sflush_r
                0x0000000008001e44      0x148 /usr/local/gcc-arm-none-eabi-5_2-2015q4/bin/../lib/gcc/arm-none-eabi/5.2.1/../../../../arm-none-eabi/lib/armv7e-m/libg.a(lib_a-fflush.o)
                0x0000000008001e44                __sflush_r
 .text._fflush_r
                0x0000000008001f8c       0x2c /usr/local/gcc-arm-none-eabi-5_2-2015q4/bin/../lib/gcc/arm-none-eabi/5.2.1/../../../../arm-none-eabi/lib/armv7e-m/libg.a(lib_a-fflush.o)
                0x0000000008001f8c                _fflush_r
 .text._malloc_trim_r
                0x0000000008001fb8       0x9c /usr/local/gcc-arm-none-eabi-5_2-2015q4/bin/../lib/gcc/arm-none-eabi/5.2.1/../../../../arm-none-eabi/lib/armv7e-m/libg.a(lib_a-freer.o)
                0x0000000008001fb8                _malloc_trim_r
 .text._free_r  0x0000000008002054      0x1d0 /usr/local/gcc-arm-none-eabi-5_2-2015q4/bin/../lib/gcc/arm-none-eabi/5.2.1/../../../../arm-none-eabi/lib/armv7e-m/libg.a(lib_a-freer.o)
                0x0000000008002054                _free_r
 .text.__sfvwrite_r
                0x0000000008002224      0x300 /usr/local/gcc-arm-none-eabi-5_2-2015q4/bin/../lib/gcc/arm-none-eabi/5.2.1/../../../../arm-none-eabi/lib/armv7e-m/libg.a(lib_a-fvwrite.o)
                0x0000000008002224                __sfvwrite_r
 .text._lseek_r
                0x0000000008002524       0x2c /usr/local/gcc-arm-none-eabi-5_2-2015q4/bin/../lib/gcc/arm-none-eabi/5.2.1/../../../../arm-none-eabi/lib/armv7e-m/libg.a(lib_a-lseekr.o)
                0x0000000008002524                _lseek_r
 .text          0x0000000008002550       0xa0 /usr/local/gcc-arm-none-eabi-5_2-2015q4/bin/../lib/gcc/arm-none-eabi/5.2.1/../../../../arm-none-eabi/lib/armv7e-m/libg.a(lib_a-memchr.o)
                0x0000000008002550                memchr
 .text.memmove  0x00000000080025f0       0xc8 /usr/local/gcc-arm-none-eabi-5_2-2015q4/bin/../lib/gcc/arm-none-eabi/5.2.1/../../../../arm-none-eabi/lib/armv7e-m/libg.a(lib_a-memmove.o)
                0x00000000080025f0                memmove
 .text._read_r  0x00000000080026b8       0x2c /usr/local/gcc-arm-none-eabi-5_2-2015q4/bin/../lib/gcc/arm-none-eabi/5.2.1/../../../../arm-none-eabi/lib/armv7e-m/libg.a(lib_a-readr.o)
                0x00000000080026b8                _read_r
 .text._realloc_r
                0x00000000080026e4      0x3e0 /usr/local/gcc-arm-none-eabi-5_2-2015q4/bin/../lib/gcc/arm-none-eabi/5.2.1/../../../../arm-none-eabi/lib/armv7e-m/libg.a(lib_a-reallocr.o)
                0x00000000080026e4                _realloc_r
 .text._svfprintf_r
                0x0000000008002ac4     0x1678 /usr/local/gcc-arm-none-eabi-5_2-2015q4/bin/../lib/gcc/arm-none-eabi/5.2.1/../../../../arm-none-eabi/lib/armv7e-m/libg.a(lib_a-svfprintf.o)
                0x0000000008002ac4                _svfprintf_r
 .text.__swsetup_r
                0x000000000800413c       0xc4 /usr/local/gcc-arm-none-eabi-5_2-2015q4/bin/../lib/gcc/arm-none-eabi/5.2.1/../../../../arm-none-eabi/lib/armv7e-m/libg.a(lib_a-wsetup.o)
                0x000000000800413c                __swsetup_r
 .text.quorem   0x0000000008004200      0x128 /usr/local/gcc-arm-none-eabi-5_2-2015q4/bin/../lib/gcc/arm-none-eabi/5.2.1/../../../../arm-none-eabi/lib/armv7e-m/libg.a(lib_a-dtoa.o)
 .text._dtoa_r  0x0000000008004328      0xe58 /usr/local/gcc-arm-none-eabi-5_2-2015q4/bin/../lib/gcc/arm-none-eabi/5.2.1/../../../../arm-none-eabi/lib/armv7e-m/libg.a(lib_a-dtoa.o)
                0x0000000008004328                _dtoa_r
 .text._localeconv_r
                0x0000000008005180        0x8 /usr/local/gcc-arm-none-eabi-5_2-2015q4/bin/../lib/gcc/arm-none-eabi/5.2.1/../../../../arm-none-eabi/lib/armv7e-m/libg.a(lib_a-locale.o)
                0x0000000008005180                _localeconv_r
 .text.__smakebuf_r
                0x0000000008005188       0xe0 /usr/local/gcc-arm-none-eabi-5_2-2015q4/bin/../lib/gcc/arm-none-eabi/5.2.1/../../../../arm-none-eabi/lib/armv7e-m/libg.a(lib_a-makebuf.o)
                0x0000000008005188                __smakebuf_r
 .text._Balloc  0x0000000008005268       0x4c /usr/local/gcc-arm-none-eabi-5_2-2015q4/bin/../lib/gcc/arm-none-eabi/5.2.1/../../../../arm-none-eabi/lib/armv7e-m/libg.a(lib_a-mprec.o)
                0x0000000008005268                _Balloc
 .text._Bfree   0x00000000080052b4       0x14 /usr/local/gcc-arm-none-eabi-5_2-2015q4/bin/../lib/gcc/arm-none-eabi/5.2.1/../../../../arm-none-eabi/lib/armv7e-m/libg.a(lib_a-mprec.o)
                0x00000000080052b4                _Bfree
 .text.__multadd
                0x00000000080052c8       0x80 /usr/local/gcc-arm-none-eabi-5_2-2015q4/bin/../lib/gcc/arm-none-eabi/5.2.1/../../../../arm-none-eabi/lib/armv7e-m/libg.a(lib_a-mprec.o)
                0x00000000080052c8                __multadd
 .text.__hi0bits
                0x0000000008005348       0x40 /usr/local/gcc-arm-none-eabi-5_2-2015q4/bin/../lib/gcc/arm-none-eabi/5.2.1/../../../../arm-none-eabi/lib/armv7e-m/libg.a(lib_a-mprec.o)
                0x0000000008005348                __hi0bits
 .text.__lo0bits
                0x0000000008005388       0x5c /usr/local/gcc-arm-none-eabi-5_2-2015q4/bin/../lib/gcc/arm-none-eabi/5.2.1/../../../../arm-none-eabi/lib/armv7e-m/libg.a(lib_a-mprec.o)
                0x0000000008005388                __lo0bits
 .text.__i2b    0x00000000080053e4       0x14 /usr/local/gcc-arm-none-eabi-5_2-2015q4/bin/../lib/gcc/arm-none-eabi/5.2.1/../../../../arm-none-eabi/lib/armv7e-m/libg.a(lib_a-mprec.o)
                0x00000000080053e4                __i2b
 .text.__multiply
                0x00000000080053f8      0x130 /usr/local/gcc-arm-none-eabi-5_2-2015q4/bin/../lib/gcc/arm-none-eabi/5.2.1/../../../../arm-none-eabi/lib/armv7e-m/libg.a(lib_a-mprec.o)
                0x00000000080053f8                __multiply
 .text.__pow5mult
                0x0000000008005528       0xa0 /usr/local/gcc-arm-none-eabi-5_2-2015q4/bin/../lib/gcc/arm-none-eabi/5.2.1/../../../../arm-none-eabi/lib/armv7e-m/libg.a(lib_a-mprec.o)
                0x0000000008005528                __pow5mult
 .text.__lshift
                0x00000000080055c8       0xb0 /usr/local/gcc-arm-none-eabi-5_2-2015q4/bin/../lib/gcc/arm-none-eabi/5.2.1/../../../../arm-none-eabi/lib/armv7e-m/libg.a(lib_a-mprec.o)
                0x00000000080055c8                __lshift
 .text.__mcmp   0x0000000008005678       0x40 /usr/local/gcc-arm-none-eabi-5_2-2015q4/bin/../lib/gcc/arm-none-eabi/5.2.1/../../../../arm-none-eabi/lib/armv7e-m/libg.a(lib_a-mprec.o)
                0x0000000008005678                __mcmp
 .text.__mdiff  0x00000000080056b8      0x114 /usr/local/gcc-arm-none-eabi-5_2-2015q4/bin/../lib/gcc/arm-none-eabi/5.2.1/../../../../arm-none-eabi/lib/armv7e-m/libg.a(lib_a-mprec.o)
                0x00000000080056b8                __mdiff
 .text.__d2b    0x00000000080057cc       0xb8 /usr/local/gcc-arm-none-eabi-5_2-2015q4/bin/../lib/gcc/arm-none-eabi/5.2.1/../../../../arm-none-eabi/lib/armv7e-m/libg.a(lib_a-mprec.o)
                0x00000000080057cc                __d2b
 .text.__fpclassifyd
                0x0000000008005884       0x54 /usr/local/gcc-arm-none-eabi-5_2-2015q4/bin/../lib/gcc/arm-none-eabi/5.2.1/../../../../arm-none-eabi/lib/armv7e-m/libg.a(lib_a-s_fpclassify.o)
                0x0000000008005884                __fpclassifyd
 .text.__ssprint_r
                0x00000000080058d8      0x100 /usr/local/gcc-arm-none-eabi-5_2-2015q4/bin/../lib/gcc/arm-none-eabi/5.2.1/../../../../arm-none-eabi/lib/armv7e-m/libg.a(lib_a-svfiprintf.o)
                0x00000000080058d8                __ssprint_r
 .text._calloc_r
                0x00000000080059d8       0x60 /usr/local/gcc-arm-none-eabi-5_2-2015q4/bin/../lib/gcc/arm-none-eabi/5.2.1/../../../../arm-none-eabi/lib/armv7e-m/libg.a(lib_a-callocr.o)
                0x00000000080059d8                _calloc_r
 .text._fstat_r
                0x0000000008005a38       0x28 /usr/local/gcc-arm-none-eabi-5_2-2015q4/bin/../lib/gcc/arm-none-eabi/5.2.1/../../../../arm-none-eabi/lib/armv7e-m/libg.a(lib_a-fstatr.o)
                0x0000000008005a38                _fstat_r
 .text._isatty_r
                0x0000000008005a60       0x24 /usr/local/gcc-arm-none-eabi-5_2-2015q4/bin/../lib/gcc/arm-none-eabi/5.2.1/../../../../arm-none-eabi/lib/armv7e-m/libg.a(lib_a-isattyr.o)
                0x0000000008005a60                _isatty_r
 .text          0x0000000008005a84      0x370 /usr/local/gcc-arm-none-eabi-5_2-2015q4/bin/../lib/gcc/arm-none-eabi/5.2.1/armv7e-m/libgcc.a(_arm_addsubdf3.o)
                0x0000000008005a84                __aeabi_drsub
                0x0000000008005a8c                __subdf3
                0x0000000008005a8c                __aeabi_dsub
                0x0000000008005a90                __aeabi_dadd
                0x0000000008005a90                __adddf3
                0x0000000008005d08                __aeabi_ui2d
                0x0000000008005d08                __floatunsidf
                0x0000000008005d28                __floatsidf
                0x0000000008005d28                __aeabi_i2d
                0x0000000008005d4c                __extendsfdf2
                0x0000000008005d4c                __aeabi_f2d
                0x0000000008005d88                __aeabi_ul2d
                0x0000000008005d88                __floatundidf
                0x0000000008005d98                __aeabi_l2d
                0x0000000008005d98                __floatdidf
 .text          0x0000000008005df4      0x424 /usr/local/gcc-arm-none-eabi-5_2-2015q4/bin/../lib/gcc/arm-none-eabi/5.2.1/armv7e-m/libgcc.a(_arm_muldivdf3.o)
                0x0000000008005df4                __aeabi_dmul
                0x0000000008005df4                __muldf3
                0x0000000008006048                __aeabi_ddiv
                0x0000000008006048                __divdf3
 .text          0x0000000008006218      0x110 /usr/local/gcc-arm-none-eabi-5_2-2015q4/bin/../lib/gcc/arm-none-eabi/5.2.1/armv7e-m/libgcc.a(_arm_cmpdf2.o)
                0x0000000008006218                __gtdf2
                0x0000000008006218                __gedf2
                0x0000000008006220                __ltdf2
                0x0000000008006220                __ledf2
                0x0000000008006228                __eqdf2
                0x0000000008006228                __nedf2
                0x0000000008006228                __cmpdf2
                0x00000000080062a4                __aeabi_cdrcmple
                0x00000000080062b4                __aeabi_cdcmple
                0x00000000080062b4                __aeabi_cdcmpeq
                0x00000000080062c4                __aeabi_dcmpeq
                0x00000000080062d8                __aeabi_dcmplt
                0x00000000080062ec                __aeabi_dcmple
                0x0000000008006300                __aeabi_dcmpge
                0x0000000008006314                __aeabi_dcmpgt
 .text          0x0000000008006328       0x50 /usr/local/gcc-arm-none-eabi-5_2-2015q4/bin/../lib/gcc/arm-none-eabi/5.2.1/armv7e-m/libgcc.a(_arm_fixdfsi.o)
                0x0000000008006328                __fixdfsi
                0x0000000008006328                __aeabi_d2iz
 .text          0x0000000008006378       0x30 /usr/local/gcc-arm-none-eabi-5_2-2015q4/bin/../lib/gcc/arm-none-eabi/5.2.1/armv7e-m/libgcc.a(_aeabi_uldivmod.o)
                0x0000000008006378                __aeabi_uldivmod
 .text          0x00000000080063a8      0x2e4 /usr/local/gcc-arm-none-eabi-5_2-2015q4/bin/../lib/gcc/arm-none-eabi/5.2.1/armv7e-m/libgcc.a(_udivmoddi4.o)
                0x00000000080063a8                __udivmoddi4
 .text          0x000000000800668c        0x4 /usr/local/gcc-arm-none-eabi-5_2-2015q4/bin/../lib/gcc/arm-none-eabi/5.2.1/armv7e-m/libgcc.a(_dvmd_tls.o)
                0x000000000800668c                __aeabi_ldiv0
                0x000000000800668c                __aeabi_idiv0
 *(.rodata .rodata.* .constdata .constdata.*)
 .rodata.str1.4
                0x0000000008006690        0x9 ./system/src/newlib/_syscalls.o
 .rodata.str1.4
                0x0000000008006699        0x4 ./system/src/diag/trace_impl.o
 *fill*         0x0000000008006699        0x3 
 .rodata.str1.4
                0x000000000800669c      0x146 ./system/src/cortexm/exception_handlers.o
                                        0x14a (size before relaxing)
 *fill*         0x00000000080067e2        0x2 
 .rodata.str1.4
                0x00000000080067e4        0xe ./src/main.o
 *fill*         0x00000000080067f2        0x2 
 .rodata._ctype_
                0x00000000080067f4      0x101 /usr/local/gcc-arm-none-eabi-5_2-2015q4/bin/../lib/gcc/arm-none-eabi/5.2.1/../../../../arm-none-eabi/lib/armv7e-m/libg.a(lib_a-ctype_.o)
                0x00000000080067f4                _ctype_
 *fill*         0x00000000080068f5        0x3 
 .rodata.str1.4
                0x00000000080068f8        0x2 /usr/local/gcc-arm-none-eabi-5_2-2015q4/bin/../lib/gcc/arm-none-eabi/5.2.1/../../../../arm-none-eabi/lib/armv7e-m/libg.a(lib_a-impure.o)
 .rodata.str1.4
                0x00000000080068fa        0x2 /usr/local/gcc-arm-none-eabi-5_2-2015q4/bin/../lib/gcc/arm-none-eabi/5.2.1/../../../../arm-none-eabi/lib/armv7e-m/libg.a(lib_a-puts.o)
 *fill*         0x00000000080068fa        0x2 
 .rodata.blanks.7007
                0x00000000080068fc       0x10 /usr/local/gcc-arm-none-eabi-5_2-2015q4/bin/../lib/gcc/arm-none-eabi/5.2.1/../../../../arm-none-eabi/lib/armv7e-m/libg.a(lib_a-svfprintf.o)
 .rodata.str1.4
                0x000000000800690c       0x42 /usr/local/gcc-arm-none-eabi-5_2-2015q4/bin/../lib/gcc/arm-none-eabi/5.2.1/../../../../arm-none-eabi/lib/armv7e-m/libg.a(lib_a-svfprintf.o)
 *fill*         0x000000000800694e        0x2 
 .rodata.zeroes.7008
                0x0000000008006950       0x10 /usr/local/gcc-arm-none-eabi-5_2-2015q4/bin/../lib/gcc/arm-none-eabi/5.2.1/../../../../arm-none-eabi/lib/armv7e-m/libg.a(lib_a-svfprintf.o)
 .rodata.str1.4
                0x0000000008006960       0x10 /usr/local/gcc-arm-none-eabi-5_2-2015q4/bin/../lib/gcc/arm-none-eabi/5.2.1/../../../../arm-none-eabi/lib/armv7e-m/libg.a(lib_a-dtoa.o)
                                         0x12 (size before relaxing)
 .rodata.str1.4
                0x0000000008006970        0xc /usr/local/gcc-arm-none-eabi-5_2-2015q4/bin/../lib/gcc/arm-none-eabi/5.2.1/../../../../arm-none-eabi/lib/armv7e-m/libg.a(lib_a-locale.o)
                                         0x12 (size before relaxing)
 .rodata.p05.5402
                0x000000000800697c        0xc /usr/local/gcc-arm-none-eabi-5_2-2015q4/bin/../lib/gcc/arm-none-eabi/5.2.1/../../../../arm-none-eabi/lib/armv7e-m/libg.a(lib_a-mprec.o)
 .rodata.__mprec_tens
                0x0000000008006988       0xc8 /usr/local/gcc-arm-none-eabi-5_2-2015q4/bin/../lib/gcc/arm-none-eabi/5.2.1/../../../../arm-none-eabi/lib/armv7e-m/libg.a(lib_a-mprec.o)
                0x0000000008006988                __mprec_tens
 .rodata.__mprec_bigtens
                0x0000000008006a50       0x28 /usr/local/gcc-arm-none-eabi-5_2-2015q4/bin/../lib/gcc/arm-none-eabi/5.2.1/../../../../arm-none-eabi/lib/armv7e-m/libg.a(lib_a-mprec.o)
                0x0000000008006a50                __mprec_bigtens
 *(vtable)
 *(.eh_frame*)
 *(.glue_7)
 .glue_7        0x0000000008006a78        0x0 linker stubs
 *(.glue_7t)
 .glue_7t       0x0000000008006a78        0x0 linker stubs

.vfp11_veneer   0x0000000008006a78        0x0
 .vfp11_veneer  0x0000000008006a78        0x0 linker stubs

.v4_bx          0x0000000008006a78        0x0
 .v4_bx         0x0000000008006a78        0x0 linker stubs

.iplt           0x0000000008006a78        0x0
 .iplt          0x0000000008006a78        0x0 ./system/src/newlib/__dso_handle.o

.ARM.extab
 *(.ARM.extab* .gnu.linkonce.armextab.*)
                0x0000000008006a78                . = ALIGN (0x4)
                0x0000000008006a78                __exidx_start = .

.ARM.exidx      0x0000000008006a78        0x8
 *(.ARM.exidx* .gnu.linkonce.armexidx.*)
 .ARM.exidx     0x0000000008006a78        0x8 /usr/local/gcc-arm-none-eabi-5_2-2015q4/bin/../lib/gcc/arm-none-eabi/5.2.1/armv7e-m/libgcc.a(_udivmoddi4.o)
                0x0000000008006a80                __exidx_end = .

.rel.dyn        0x0000000008006a80        0x0
 .rel.iplt      0x0000000008006a80        0x0 ./system/src/newlib/__dso_handle.o
                0x0000000008006a80                . = ALIGN (0x4)
                0x0000000008006a80                _etext = .
                0x0000000008006a80                __etext = .

.data_CCMRAM    0x0000000010000000        0x0 load address 0x0000000008006a80
 FILL mask 0xff
 *(.data.CCMRAM .data.CCMRAM.*)
                0x0000000010000000                . = ALIGN (0x4)
                0x0000000008006a80                _sidata = LOADADDR (.data)

.data           0x0000000020000000      0x898 load address 0x0000000008006a80
 FILL mask 0xff
                0x0000000020000000                _sdata = .
                0x0000000020000000                __data_start__ = .
 *(.data_begin .data_begin.*)
 .data_begin    0x0000000020000000        0x4 ./system/src/newlib/_startup.o
 *(.data .data.*)
 .data.AHBPrescTable
                0x0000000020000004       0x10 ./system/src/cmsis/system_stm32f4xx.o
                0x0000000020000004                AHBPrescTable
 .data.SystemCoreClock
                0x0000000020000014        0x4 ./system/src/cmsis/system_stm32f4xx.o
                0x0000000020000014                SystemCoreClock
 .data.xNextTaskUnblockTime
                0x0000000020000018        0x4 ./Middleware/freertos_cortex_m4/FreeRTOS/Source/tasks.o
 .data.__ctype_ptr__
                0x000000002000001c        0x4 /usr/local/gcc-arm-none-eabi-5_2-2015q4/bin/../lib/gcc/arm-none-eabi/5.2.1/../../../../arm-none-eabi/lib/armv7e-m/libg.a(lib_a-ctype_.o)
                0x000000002000001c                __ctype_ptr__
 .data.impure_data
                0x0000000020000020      0x428 /usr/local/gcc-arm-none-eabi-5_2-2015q4/bin/../lib/gcc/arm-none-eabi/5.2.1/../../../../arm-none-eabi/lib/armv7e-m/libg.a(lib_a-impure.o)
 .data._impure_ptr
                0x0000000020000448        0x4 /usr/local/gcc-arm-none-eabi-5_2-2015q4/bin/../lib/gcc/arm-none-eabi/5.2.1/../../../../arm-none-eabi/lib/armv7e-m/libg.a(lib_a-impure.o)
                0x0000000020000448                _impure_ptr
 .data.__malloc_av_
                0x000000002000044c      0x408 /usr/local/gcc-arm-none-eabi-5_2-2015q4/bin/../lib/gcc/arm-none-eabi/5.2.1/../../../../arm-none-eabi/lib/armv7e-m/libg.a(lib_a-mallocr.o)
                0x000000002000044c                __malloc_av_
 .data.__malloc_trim_threshold
                0x0000000020000854        0x4 /usr/local/gcc-arm-none-eabi-5_2-2015q4/bin/../lib/gcc/arm-none-eabi/5.2.1/../../../../arm-none-eabi/lib/armv7e-m/libg.a(lib_a-mallocr.o)
                0x0000000020000854                __malloc_trim_threshold
 .data.__malloc_sbrk_base
                0x0000000020000858        0x4 /usr/local/gcc-arm-none-eabi-5_2-2015q4/bin/../lib/gcc/arm-none-eabi/5.2.1/../../../../arm-none-eabi/lib/armv7e-m/libg.a(lib_a-mallocr.o)
                0x0000000020000858                __malloc_sbrk_base
 .data.lconv    0x000000002000085c       0x38 /usr/local/gcc-arm-none-eabi-5_2-2015q4/bin/../lib/gcc/arm-none-eabi/5.2.1/../../../../arm-none-eabi/lib/armv7e-m/libg.a(lib_a-locale.o)
 *(.data_end .data_end.*)
 .data_end      0x0000000020000894        0x4 ./system/src/newlib/_startup.o
                0x0000000020000898                . = ALIGN (0x4)
                0x0000000020000898                _edata = .
                0x0000000020000898                __data_end__ = .

.igot.plt       0x0000000020000898        0x0 load address 0x0000000008007318
 .igot.plt      0x0000000020000898        0x0 ./system/src/newlib/__dso_handle.o

.bss_CCMRAM     0x0000000010000000        0x0
 *(.bss.CCMRAM .bss.CCMRAM.*)

.bss            0x0000000020000898      0x29c
                0x0000000020000898                __bss_start__ = .
                0x0000000020000898                _sbss = .
 *(.bss_begin .bss_begin.*)
 .bss_begin     0x0000000020000898        0x4 ./system/src/newlib/_startup.o
 *(.bss .bss.*)
 .bss.current_heap_end.4422
                0x000000002000089c        0x4 ./system/src/newlib/_sbrk.o
 .bss.monitor_stdout
                0x00000000200008a0        0x4 ./system/src/newlib/_syscalls.o
 .bss.monitor_stdin
                0x00000000200008a4        0x4 ./system/src/newlib/_syscalls.o
 .bss.argv_buf.6128
                0x00000000200008a8       0x28 ./system/src/newlib/_syscalls.o
 .bss.monitor_stderr
                0x00000000200008d0        0x4 ./system/src/newlib/_syscalls.o
 .bss.args_buf.6127
                0x00000000200008d4       0x50 ./system/src/newlib/_syscalls.o
 .bss.openfiles
                0x0000000020000924       0xa0 ./system/src/newlib/_syscalls.o
 .bss.buf.5558  0x00000000200009c4       0x80 ./system/src/diag/Trace.o
 .bss.handle.5936
                0x0000000020000a44        0x4 ./system/src/diag/trace_impl.o
 .bss.pxDelayedTaskList
                0x0000000020000a48        0x4 ./Middleware/freertos_cortex_m4/FreeRTOS/Source/tasks.o
 .bss.uxPendedTicks
                0x0000000020000a4c        0x4 ./Middleware/freertos_cortex_m4/FreeRTOS/Source/tasks.o
 .bss.pxReadyTasksLists
                0x0000000020000a50       0x8c ./Middleware/freertos_cortex_m4/FreeRTOS/Source/tasks.o
 .bss.uxSchedulerSuspended
                0x0000000020000adc        0x4 ./Middleware/freertos_cortex_m4/FreeRTOS/Source/tasks.o
 .bss.pxCurrentTCB
                0x0000000020000ae0        0x4 ./Middleware/freertos_cortex_m4/FreeRTOS/Source/tasks.o
                0x0000000020000ae0                pxCurrentTCB
 .bss.xNumOfOverflows
                0x0000000020000ae4        0x4 ./Middleware/freertos_cortex_m4/FreeRTOS/Source/tasks.o
 .bss.xTickCount
                0x0000000020000ae8        0x4 ./Middleware/freertos_cortex_m4/FreeRTOS/Source/tasks.o
 .bss.pxOverflowDelayedTaskList
                0x0000000020000aec        0x4 ./Middleware/freertos_cortex_m4/FreeRTOS/Source/tasks.o
 .bss.uxTopReadyPriority
                0x0000000020000af0        0x4 ./Middleware/freertos_cortex_m4/FreeRTOS/Source/tasks.o
 .bss.xYieldPending
                0x0000000020000af4        0x4 ./Middleware/freertos_cortex_m4/FreeRTOS/Source/tasks.o
 .bss.__malloc_max_total_mem
                0x0000000020000af8        0x4 /usr/local/gcc-arm-none-eabi-5_2-2015q4/bin/../lib/gcc/arm-none-eabi/5.2.1/../../../../arm-none-eabi/lib/armv7e-m/libg.a(lib_a-mallocr.o)
                0x0000000020000af8                __malloc_max_total_mem
 .bss.__malloc_max_sbrked_mem
                0x0000000020000afc        0x4 /usr/local/gcc-arm-none-eabi-5_2-2015q4/bin/../lib/gcc/arm-none-eabi/5.2.1/../../../../arm-none-eabi/lib/armv7e-m/libg.a(lib_a-mallocr.o)
                0x0000000020000afc                __malloc_max_sbrked_mem
 .bss.__malloc_top_pad
                0x0000000020000b00        0x4 /usr/local/gcc-arm-none-eabi-5_2-2015q4/bin/../lib/gcc/arm-none-eabi/5.2.1/../../../../arm-none-eabi/lib/armv7e-m/libg.a(lib_a-mallocr.o)
                0x0000000020000b00                __malloc_top_pad
 .bss.__malloc_current_mallinfo
                0x0000000020000b04       0x28 /usr/local/gcc-arm-none-eabi-5_2-2015q4/bin/../lib/gcc/arm-none-eabi/5.2.1/../../../../arm-none-eabi/lib/armv7e-m/libg.a(lib_a-mallocr.o)
                0x0000000020000b04                __malloc_current_mallinfo
 *(COMMON)
 COMMON         0x0000000020000b2c        0x4 ./system/src/newlib/_syscalls.o
                0x0000000020000b2c                errno
 *(.bss_end .bss_end.*)
 .bss_end       0x0000000020000b30        0x4 ./system/src/newlib/_startup.o
                0x0000000020000b34                . = ALIGN (0x4)
                0x0000000020000b34                __bss_end__ = .
                0x0000000020000b34                _ebss = .

.noinit_CCMRAM
 *(.noinit.CCMRAM .noinit.CCMRAM.*)

.noinit         0x0000000020000b34        0x0
                0x0000000020000b34                _noinit = .
 *(.noinit .noinit.*)
                0x0000000020000b34                . = ALIGN (0x4)
                0x0000000020000b34                _end_noinit = .
                [!provide]                        PROVIDE (end, _end_noinit)
                [!provide]                        PROVIDE (_end, _end_noinit)
                [!provide]                        PROVIDE (__end, _end_noinit)
                [!provide]                        PROVIDE (__end__, _end_noinit)

._check_stack   0x0000000020000b34      0x100
                0x0000000020000c34                . = (. + _Minimum_Stack_Size)
 *fill*         0x0000000020000b34      0x100 

.b1text
 *(.b1text)
 *(.b1rodata)
 *(.b1rodata.*)

.eb0text
 *(.eb0text)
 *(.eb0rodata)
 *(.eb0rodata.*)

.eb1text
 *(.eb1text)
 *(.eb1rodata)
 *(.eb1rodata.*)

.eb2text
 *(.eb2text)
 *(.eb2rodata)
 *(.eb2rodata.*)

.eb3text
 *(.eb3text)
 *(.eb3rodata)
 *(.eb3rodata.*)

.stab
 *(.stab)

.stabstr
 *(.stabstr)

.stab.excl
 *(.stab.excl)

.stab.exclstr
 *(.stab.exclstr)

.stab.index
 *(.stab.index)

.stab.indexstr
 *(.stab.indexstr)

.comment        0x0000000000000000       0x6e
 *(.comment)
 .comment       0x0000000000000000       0x6e ./system/src/newlib/_sbrk.o
                                         0x6f (size before relaxing)
 .comment       0x000000000000006e       0x6f ./system/src/newlib/_startup.o
 .comment       0x000000000000006e       0x6f ./system/src/newlib/_syscalls.o
 .comment       0x000000000000006e       0x6f ./system/src/diag/Trace.o
 .comment       0x000000000000006e       0x6f ./system/src/diag/trace_impl.o
 .comment       0x000000000000006e       0x6f ./system/src/cortexm/_initialize_hardware.o
 .comment       0x000000000000006e       0x6f ./system/src/cortexm/exception_handlers.o
 .comment       0x000000000000006e       0x6f ./system/src/cmsis/system_stm32f4xx.o
 .comment       0x000000000000006e       0x6f ./system/src/cmsis/vectors_stm32f4xx.o
 .comment       0x000000000000006e       0x6f ./src/main.o
 .comment       0x000000000000006e       0x6f ./Middleware/freertos_cortex_m4/FreeRTOS/Source/portable/GCC/ARM_CM3/port.o
 .comment       0x000000000000006e       0x6f ./Middleware/freertos_cortex_m4/FreeRTOS/Source/list.o
 .comment       0x000000000000006e       0x6f ./Middleware/freertos_cortex_m4/FreeRTOS/Source/tasks.o
 .comment       0x000000000000006e       0x6f ./Drivers/timer.o

.ARM.attributes
                0x0000000000000000       0x31
 .ARM.attributes
                0x0000000000000000       0x33 ./system/src/newlib/_sbrk.o
 .ARM.attributes
                0x0000000000000033       0x33 ./system/src/newlib/_startup.o
 .ARM.attributes
                0x0000000000000066       0x33 ./system/src/newlib/_syscalls.o
 .ARM.attributes
                0x0000000000000099       0x33 ./system/src/diag/Trace.o
 .ARM.attributes
                0x00000000000000cc       0x33 ./system/src/diag/trace_impl.o
 .ARM.attributes
                0x00000000000000ff       0x33 ./system/src/cortexm/_initialize_hardware.o
 .ARM.attributes
                0x0000000000000132       0x33 ./system/src/cortexm/exception_handlers.o
 .ARM.attributes
                0x0000000000000165       0x33 ./system/src/cmsis/system_stm32f4xx.o
 .ARM.attributes
                0x0000000000000198       0x33 ./system/src/cmsis/vectors_stm32f4xx.o
 .ARM.attributes
                0x00000000000001cb       0x33 ./src/main.o
 .ARM.attributes
                0x00000000000001fe       0x33 ./Middleware/freertos_cortex_m4/FreeRTOS/Source/portable/GCC/ARM_CM3/port.o
 .ARM.attributes
                0x0000000000000231       0x33 ./Middleware/freertos_cortex_m4/FreeRTOS/Source/list.o
 .ARM.attributes
                0x0000000000000264       0x33 ./Middleware/freertos_cortex_m4/FreeRTOS/Source/tasks.o
 .ARM.attributes
                0x0000000000000297       0x33 ./Drivers/timer.o
 .ARM.attributes
                0x00000000000002ca       0x2e /usr/local/gcc-arm-none-eabi-5_2-2015q4/bin/../lib/gcc/arm-none-eabi/5.2.1/../../../../arm-none-eabi/lib/armv7e-m/libg.a(lib_a-ctype_.o)
 .ARM.attributes
                0x00000000000002f8       0x2e /usr/local/gcc-arm-none-eabi-5_2-2015q4/bin/../lib/gcc/arm-none-eabi/5.2.1/../../../../arm-none-eabi/lib/armv7e-m/libg.a(lib_a-errno.o)
 .ARM.attributes
                0x0000000000000326       0x2e /usr/local/gcc-arm-none-eabi-5_2-2015q4/bin/../lib/gcc/arm-none-eabi/5.2.1/../../../../arm-none-eabi/lib/armv7e-m/libg.a(lib_a-findfp.o)
 .ARM.attributes
                0x0000000000000354       0x2e /usr/local/gcc-arm-none-eabi-5_2-2015q4/bin/../lib/gcc/arm-none-eabi/5.2.1/../../../../arm-none-eabi/lib/armv7e-m/libg.a(lib_a-fwalk.o)
 .ARM.attributes
                0x0000000000000382       0x2e /usr/local/gcc-arm-none-eabi-5_2-2015q4/bin/../lib/gcc/arm-none-eabi/5.2.1/../../../../arm-none-eabi/lib/armv7e-m/libg.a(lib_a-impure.o)
 .ARM.attributes
                0x00000000000003b0       0x2e /usr/local/gcc-arm-none-eabi-5_2-2015q4/bin/../lib/gcc/arm-none-eabi/5.2.1/../../../../arm-none-eabi/lib/armv7e-m/libg.a(lib_a-mallocr.o)
 .ARM.attributes
                0x00000000000003de       0x1c /usr/local/gcc-arm-none-eabi-5_2-2015q4/bin/../lib/gcc/arm-none-eabi/5.2.1/../../../../arm-none-eabi/lib/armv7e-m/libg.a(lib_a-memcpy.o)
 .ARM.attributes
                0x00000000000003fa       0x2e /usr/local/gcc-arm-none-eabi-5_2-2015q4/bin/../lib/gcc/arm-none-eabi/5.2.1/../../../../arm-none-eabi/lib/armv7e-m/libg.a(lib_a-memset.o)
 .ARM.attributes
                0x0000000000000428       0x2e /usr/local/gcc-arm-none-eabi-5_2-2015q4/bin/../lib/gcc/arm-none-eabi/5.2.1/../../../../arm-none-eabi/lib/armv7e-m/libg.a(lib_a-mlock.o)
 .ARM.attributes
                0x0000000000000456       0x2e /usr/local/gcc-arm-none-eabi-5_2-2015q4/bin/../lib/gcc/arm-none-eabi/5.2.1/../../../../arm-none-eabi/lib/armv7e-m/libg.a(lib_a-puts.o)
 .ARM.attributes
                0x0000000000000484       0x2e /usr/local/gcc-arm-none-eabi-5_2-2015q4/bin/../lib/gcc/arm-none-eabi/5.2.1/../../../../arm-none-eabi/lib/armv7e-m/libg.a(lib_a-sbrkr.o)
 .ARM.attributes
                0x00000000000004b2       0x2e /usr/local/gcc-arm-none-eabi-5_2-2015q4/bin/../lib/gcc/arm-none-eabi/5.2.1/../../../../arm-none-eabi/lib/armv7e-m/libg.a(lib_a-stdio.o)
 .ARM.attributes
                0x00000000000004e0       0x1c /usr/local/gcc-arm-none-eabi-5_2-2015q4/bin/../lib/gcc/arm-none-eabi/5.2.1/../../../../arm-none-eabi/lib/armv7e-m/libg.a(lib_a-strcmp.o)
 .ARM.attributes
                0x00000000000004fc       0x1c /usr/local/gcc-arm-none-eabi-5_2-2015q4/bin/../lib/gcc/arm-none-eabi/5.2.1/../../../../arm-none-eabi/lib/armv7e-m/libg.a(lib_a-strlen.o)
 .ARM.attributes
                0x0000000000000518       0x2e /usr/local/gcc-arm-none-eabi-5_2-2015q4/bin/../lib/gcc/arm-none-eabi/5.2.1/../../../../arm-none-eabi/lib/armv7e-m/libg.a(lib_a-vsnprintf.o)
 .ARM.attributes
                0x0000000000000546       0x2e /usr/local/gcc-arm-none-eabi-5_2-2015q4/bin/../lib/gcc/arm-none-eabi/5.2.1/../../../../arm-none-eabi/lib/armv7e-m/libg.a(lib_a-writer.o)
 .ARM.attributes
                0x0000000000000574       0x2e /usr/local/gcc-arm-none-eabi-5_2-2015q4/bin/../lib/gcc/arm-none-eabi/5.2.1/../../../../arm-none-eabi/lib/armv7e-m/libg.a(lib_a-closer.o)
 .ARM.attributes
                0x00000000000005a2       0x2e /usr/local/gcc-arm-none-eabi-5_2-2015q4/bin/../lib/gcc/arm-none-eabi/5.2.1/../../../../arm-none-eabi/lib/armv7e-m/libg.a(lib_a-fclose.o)
 .ARM.attributes
                0x00000000000005d0       0x2e /usr/local/gcc-arm-none-eabi-5_2-2015q4/bin/../lib/gcc/arm-none-eabi/5.2.1/../../../../arm-none-eabi/lib/armv7e-m/libg.a(lib_a-fflush.o)
 .ARM.attributes
                0x00000000000005fe       0x2e /usr/local/gcc-arm-none-eabi-5_2-2015q4/bin/../lib/gcc/arm-none-eabi/5.2.1/../../../../arm-none-eabi/lib/armv7e-m/libg.a(lib_a-freer.o)
 .ARM.attributes
                0x000000000000062c       0x2e /usr/local/gcc-arm-none-eabi-5_2-2015q4/bin/../lib/gcc/arm-none-eabi/5.2.1/../../../../arm-none-eabi/lib/armv7e-m/libg.a(lib_a-fvwrite.o)
 .ARM.attributes
                0x000000000000065a       0x2e /usr/local/gcc-arm-none-eabi-5_2-2015q4/bin/../lib/gcc/arm-none-eabi/5.2.1/../../../../arm-none-eabi/lib/armv7e-m/libg.a(lib_a-lseekr.o)
 .ARM.attributes
                0x0000000000000688       0x1c /usr/local/gcc-arm-none-eabi-5_2-2015q4/bin/../lib/gcc/arm-none-eabi/5.2.1/../../../../arm-none-eabi/lib/armv7e-m/libg.a(lib_a-memchr.o)
 .ARM.attributes
                0x00000000000006a4       0x2e /usr/local/gcc-arm-none-eabi-5_2-2015q4/bin/../lib/gcc/arm-none-eabi/5.2.1/../../../../arm-none-eabi/lib/armv7e-m/libg.a(lib_a-memmove.o)
 .ARM.attributes
                0x00000000000006d2       0x2e /usr/local/gcc-arm-none-eabi-5_2-2015q4/bin/../lib/gcc/arm-none-eabi/5.2.1/../../../../arm-none-eabi/lib/armv7e-m/libg.a(lib_a-readr.o)
 .ARM.attributes
                0x0000000000000700       0x2e /usr/local/gcc-arm-none-eabi-5_2-2015q4/bin/../lib/gcc/arm-none-eabi/5.2.1/../../../../arm-none-eabi/lib/armv7e-m/libg.a(lib_a-reallocr.o)
 .ARM.attributes
                0x000000000000072e       0x2e /usr/local/gcc-arm-none-eabi-5_2-2015q4/bin/../lib/gcc/arm-none-eabi/5.2.1/../../../../arm-none-eabi/lib/armv7e-m/libg.a(lib_a-svfprintf.o)
 .ARM.attributes
                0x000000000000075c       0x2e /usr/local/gcc-arm-none-eabi-5_2-2015q4/bin/../lib/gcc/arm-none-eabi/5.2.1/../../../../arm-none-eabi/lib/armv7e-m/libg.a(lib_a-wsetup.o)
 .ARM.attributes
                0x000000000000078a       0x2e /usr/local/gcc-arm-none-eabi-5_2-2015q4/bin/../lib/gcc/arm-none-eabi/5.2.1/../../../../arm-none-eabi/lib/armv7e-m/libg.a(lib_a-dtoa.o)
 .ARM.attributes
                0x00000000000007b8       0x2e /usr/local/gcc-arm-none-eabi-5_2-2015q4/bin/../lib/gcc/arm-none-eabi/5.2.1/../../../../arm-none-eabi/lib/armv7e-m/libg.a(lib_a-locale.o)
 .ARM.attributes
                0x00000000000007e6       0x2e /usr/local/gcc-arm-none-eabi-5_2-2015q4/bin/../lib/gcc/arm-none-eabi/5.2.1/../../../../arm-none-eabi/lib/armv7e-m/libg.a(lib_a-makebuf.o)
 .ARM.attributes
                0x0000000000000814       0x2e /usr/local/gcc-arm-none-eabi-5_2-2015q4/bin/../lib/gcc/arm-none-eabi/5.2.1/../../../../arm-none-eabi/lib/armv7e-m/libg.a(lib_a-mprec.o)
 .ARM.attributes
                0x0000000000000842       0x2e /usr/local/gcc-arm-none-eabi-5_2-2015q4/bin/../lib/gcc/arm-none-eabi/5.2.1/../../../../arm-none-eabi/lib/armv7e-m/libg.a(lib_a-s_fpclassify.o)
 .ARM.attributes
                0x0000000000000870       0x2e /usr/local/gcc-arm-none-eabi-5_2-2015q4/bin/../lib/gcc/arm-none-eabi/5.2.1/../../../../arm-none-eabi/lib/armv7e-m/libg.a(lib_a-svfiprintf.o)
 .ARM.attributes
                0x000000000000089e       0x2e /usr/local/gcc-arm-none-eabi-5_2-2015q4/bin/../lib/gcc/arm-none-eabi/5.2.1/../../../../arm-none-eabi/lib/armv7e-m/libg.a(lib_a-callocr.o)
 .ARM.attributes
                0x00000000000008cc       0x2e /usr/local/gcc-arm-none-eabi-5_2-2015q4/bin/../lib/gcc/arm-none-eabi/5.2.1/../../../../arm-none-eabi/lib/armv7e-m/libg.a(lib_a-fstatr.o)
 .ARM.attributes
                0x00000000000008fa       0x2e /usr/local/gcc-arm-none-eabi-5_2-2015q4/bin/../lib/gcc/arm-none-eabi/5.2.1/../../../../arm-none-eabi/lib/armv7e-m/libg.a(lib_a-isattyr.o)
 .ARM.attributes
                0x0000000000000928       0x1e /usr/local/gcc-arm-none-eabi-5_2-2015q4/bin/../lib/gcc/arm-none-eabi/5.2.1/armv7e-m/libgcc.a(_arm_addsubdf3.o)
 .ARM.attributes
                0x0000000000000946       0x1e /usr/local/gcc-arm-none-eabi-5_2-2015q4/bin/../lib/gcc/arm-none-eabi/5.2.1/armv7e-m/libgcc.a(_arm_muldivdf3.o)
 .ARM.attributes
                0x0000000000000964       0x1e /usr/local/gcc-arm-none-eabi-5_2-2015q4/bin/../lib/gcc/arm-none-eabi/5.2.1/armv7e-m/libgcc.a(_arm_cmpdf2.o)
 .ARM.attributes
                0x0000000000000982       0x1e /usr/local/gcc-arm-none-eabi-5_2-2015q4/bin/../lib/gcc/arm-none-eabi/5.2.1/armv7e-m/libgcc.a(_arm_fixdfsi.o)
 .ARM.attributes
                0x00000000000009a0       0x1e /usr/local/gcc-arm-none-eabi-5_2-2015q4/bin/../lib/gcc/arm-none-eabi/5.2.1/armv7e-m/libgcc.a(_aeabi_uldivmod.o)
 .ARM.attributes
                0x00000000000009be       0x2e /usr/local/gcc-arm-none-eabi-5_2-2015q4/bin/../lib/gcc/arm-none-eabi/5.2.1/armv7e-m/libgcc.a(_udivmoddi4.o)
 .ARM.attributes
                0x00000000000009ec       0x1e /usr/local/gcc-arm-none-eabi-5_2-2015q4/bin/../lib/gcc/arm-none-eabi/5.2.1/armv7e-m/libgcc.a(_dvmd_tls.o)

.debug
 *(.debug)

.line
 *(.line)

.debug_srcinfo
 *(.debug_srcinfo)

.debug_sfnames
 *(.debug_sfnames)

.debug_aranges  0x0000000000000000      0x588
 *(.debug_aranges)
 .debug_aranges
                0x0000000000000000       0x20 ./system/src/newlib/_sbrk.o
 .debug_aranges
                0x0000000000000020       0x40 ./system/src/newlib/_startup.o
 .debug_aranges
                0x0000000000000060      0x120 ./system/src/newlib/_syscalls.o
 .debug_aranges
                0x0000000000000180       0x38 ./system/src/diag/Trace.o
 .debug_aranges
                0x00000000000001b8       0x30 ./system/src/diag/trace_impl.o
 .debug_aranges
                0x00000000000001e8       0x28 ./system/src/cortexm/_initialize_hardware.o
 .debug_aranges
                0x0000000000000210       0x90 ./system/src/cortexm/exception_handlers.o
 .debug_aranges
                0x00000000000002a0       0x28 ./system/src/cmsis/system_stm32f4xx.o
 .debug_aranges
                0x00000000000002c8       0x20 ./system/src/cmsis/vectors_stm32f4xx.o
 .debug_aranges
                0x00000000000002e8       0x20 ./src/main.o
 .debug_aranges
                0x0000000000000308       0x90 ./Middleware/freertos_cortex_m4/FreeRTOS/Source/portable/GCC/ARM_CM3/port.o
 .debug_aranges
                0x0000000000000398       0x40 ./Middleware/freertos_cortex_m4/FreeRTOS/Source/list.o
 .debug_aranges
                0x00000000000003d8      0x178 ./Middleware/freertos_cortex_m4/FreeRTOS/Source/tasks.o
 .debug_aranges
                0x0000000000000550       0x38 ./Drivers/timer.o

.debug_pubnames
 *(.debug_pubnames)

.debug_info     0x0000000000000000     0x6411
 *(.debug_info .gnu.linkonce.wi.*)
 .debug_info    0x0000000000000000      0x11f ./system/src/newlib/_sbrk.o
 .debug_info    0x000000000000011f      0x45f ./system/src/newlib/_startup.o
 .debug_info    0x000000000000057e     0x1eac ./system/src/newlib/_syscalls.o
 .debug_info    0x000000000000242a      0x2e7 ./system/src/diag/Trace.o
 .debug_info    0x0000000000002711      0x2f8 ./system/src/diag/trace_impl.o
 .debug_info    0x0000000000002a09       0xf2 ./system/src/cortexm/_initialize_hardware.o
 .debug_info    0x0000000000002afb      0x990 ./system/src/cortexm/exception_handlers.o
 .debug_info    0x000000000000348b      0x4a7 ./system/src/cmsis/system_stm32f4xx.o
 .debug_info    0x0000000000003932       0xd1 ./system/src/cmsis/vectors_stm32f4xx.o
 .debug_info    0x0000000000003a03       0xbd ./src/main.o
 .debug_info    0x0000000000003ac0      0x3ed ./Middleware/freertos_cortex_m4/FreeRTOS/Source/portable/GCC/ARM_CM3/port.o
 .debug_info    0x0000000000003ead      0x2a5 ./Middleware/freertos_cortex_m4/FreeRTOS/Source/list.o
 .debug_info    0x0000000000004152     0x1b92 ./Middleware/freertos_cortex_m4/FreeRTOS/Source/tasks.o
 .debug_info    0x0000000000005ce4      0x72d ./Drivers/timer.o

.debug_abbrev   0x0000000000000000     0x15e2
 *(.debug_abbrev)
 .debug_abbrev  0x0000000000000000       0xb9 ./system/src/newlib/_sbrk.o
 .debug_abbrev  0x00000000000000b9      0x1ac ./system/src/newlib/_startup.o
 .debug_abbrev  0x0000000000000265      0x41e ./system/src/newlib/_syscalls.o
 .debug_abbrev  0x0000000000000683      0x156 ./system/src/diag/Trace.o
 .debug_abbrev  0x00000000000007d9      0x1b0 ./system/src/diag/trace_impl.o
 .debug_abbrev  0x0000000000000989       0x88 ./system/src/cortexm/_initialize_hardware.o
 .debug_abbrev  0x0000000000000a11      0x286 ./system/src/cortexm/exception_handlers.o
 .debug_abbrev  0x0000000000000c97      0x104 ./system/src/cmsis/system_stm32f4xx.o
 .debug_abbrev  0x0000000000000d9b       0x9d ./system/src/cmsis/vectors_stm32f4xx.o
 .debug_abbrev  0x0000000000000e38       0x71 ./src/main.o
 .debug_abbrev  0x0000000000000ea9      0x1ff ./Middleware/freertos_cortex_m4/FreeRTOS/Source/portable/GCC/ARM_CM3/port.o
 .debug_abbrev  0x00000000000010a8       0xdf ./Middleware/freertos_cortex_m4/FreeRTOS/Source/list.o
 .debug_abbrev  0x0000000000001187      0x28c ./Middleware/freertos_cortex_m4/FreeRTOS/Source/tasks.o
 .debug_abbrev  0x0000000000001413      0x1cf ./Drivers/timer.o

.debug_line     0x0000000000000000     0x386e
 *(.debug_line)
 .debug_line    0x0000000000000000      0x27c ./system/src/newlib/_sbrk.o
 .debug_line    0x000000000000027c      0x33b ./system/src/newlib/_startup.o
 .debug_line    0x00000000000005b7      0x806 ./system/src/newlib/_syscalls.o
 .debug_line    0x0000000000000dbd      0x329 ./system/src/diag/Trace.o
 .debug_line    0x00000000000010e6      0x3c9 ./system/src/diag/trace_impl.o
 .debug_line    0x00000000000014af      0x278 ./system/src/cortexm/_initialize_hardware.o
 .debug_line    0x0000000000001727      0x4ac ./system/src/cortexm/exception_handlers.o
 .debug_line    0x0000000000001bd3      0x279 ./system/src/cmsis/system_stm32f4xx.o
 .debug_line    0x0000000000001e4c      0x1ef ./system/src/cmsis/vectors_stm32f4xx.o
 .debug_line    0x000000000000203b      0x26f ./src/main.o
 .debug_line    0x00000000000022aa      0x481 ./Middleware/freertos_cortex_m4/FreeRTOS/Source/portable/GCC/ARM_CM3/port.o
 .debug_line    0x000000000000272b      0x403 ./Middleware/freertos_cortex_m4/FreeRTOS/Source/list.o
 .debug_line    0x0000000000002b2e      0xaa1 ./Middleware/freertos_cortex_m4/FreeRTOS/Source/tasks.o
 .debug_line    0x00000000000035cf      0x29f ./Drivers/timer.o

.debug_frame    0x0000000000000000     0x1aa0
 *(.debug_frame)
 .debug_frame   0x0000000000000000       0x28 ./system/src/newlib/_sbrk.o
 .debug_frame   0x0000000000000028       0x7c ./system/src/newlib/_startup.o
 .debug_frame   0x00000000000000a4      0x3d0 ./system/src/newlib/_syscalls.o
 .debug_frame   0x0000000000000474       0x94 ./system/src/diag/Trace.o
 .debug_frame   0x0000000000000508       0x5c ./system/src/diag/trace_impl.o
 .debug_frame   0x0000000000000564       0x40 ./system/src/cortexm/_initialize_hardware.o
 .debug_frame   0x00000000000005a4      0x164 ./system/src/cortexm/exception_handlers.o
 .debug_frame   0x0000000000000708       0x30 ./system/src/cmsis/system_stm32f4xx.o
 .debug_frame   0x0000000000000738       0x20 ./system/src/cmsis/vectors_stm32f4xx.o
 .debug_frame   0x0000000000000758       0x28 ./src/main.o
 .debug_frame   0x0000000000000780      0x138 ./Middleware/freertos_cortex_m4/FreeRTOS/Source/portable/GCC/ARM_CM3/port.o
 .debug_frame   0x00000000000008b8       0x6c ./Middleware/freertos_cortex_m4/FreeRTOS/Source/list.o
 .debug_frame   0x0000000000000924      0x478 ./Middleware/freertos_cortex_m4/FreeRTOS/Source/tasks.o
 .debug_frame   0x0000000000000d9c       0x58 ./Drivers/timer.o
 .debug_frame   0x0000000000000df4       0x20 /usr/local/gcc-arm-none-eabi-5_2-2015q4/bin/../lib/gcc/arm-none-eabi/5.2.1/../../../../arm-none-eabi/lib/armv7e-m/libg.a(lib_a-errno.o)
 .debug_frame   0x0000000000000e14      0x124 /usr/local/gcc-arm-none-eabi-5_2-2015q4/bin/../lib/gcc/arm-none-eabi/5.2.1/../../../../arm-none-eabi/lib/armv7e-m/libg.a(lib_a-findfp.o)
 .debug_frame   0x0000000000000f38       0x54 /usr/local/gcc-arm-none-eabi-5_2-2015q4/bin/../lib/gcc/arm-none-eabi/5.2.1/../../../../arm-none-eabi/lib/armv7e-m/libg.a(lib_a-fwalk.o)
 .debug_frame   0x0000000000000f8c       0x58 /usr/local/gcc-arm-none-eabi-5_2-2015q4/bin/../lib/gcc/arm-none-eabi/5.2.1/../../../../arm-none-eabi/lib/armv7e-m/libg.a(lib_a-mallocr.o)
 .debug_frame   0x0000000000000fe4       0x34 /usr/local/gcc-arm-none-eabi-5_2-2015q4/bin/../lib/gcc/arm-none-eabi/5.2.1/../../../../arm-none-eabi/lib/armv7e-m/libg.a(lib_a-memset.o)
 .debug_frame   0x0000000000001018       0x30 /usr/local/gcc-arm-none-eabi-5_2-2015q4/bin/../lib/gcc/arm-none-eabi/5.2.1/../../../../arm-none-eabi/lib/armv7e-m/libg.a(lib_a-mlock.o)
 .debug_frame   0x0000000000001048       0x48 /usr/local/gcc-arm-none-eabi-5_2-2015q4/bin/../lib/gcc/arm-none-eabi/5.2.1/../../../../arm-none-eabi/lib/armv7e-m/libg.a(lib_a-puts.o)
 .debug_frame   0x0000000000001090       0x2c /usr/local/gcc-arm-none-eabi-5_2-2015q4/bin/../lib/gcc/arm-none-eabi/5.2.1/../../../../arm-none-eabi/lib/armv7e-m/libg.a(lib_a-sbrkr.o)
 .debug_frame   0x00000000000010bc       0x88 /usr/local/gcc-arm-none-eabi-5_2-2015q4/bin/../lib/gcc/arm-none-eabi/5.2.1/../../../../arm-none-eabi/lib/armv7e-m/libg.a(lib_a-stdio.o)
 .debug_frame   0x0000000000001144       0x68 /usr/local/gcc-arm-none-eabi-5_2-2015q4/bin/../lib/gcc/arm-none-eabi/5.2.1/../../../../arm-none-eabi/lib/armv7e-m/libg.a(lib_a-strcmp.o)
 .debug_frame   0x00000000000011ac       0x60 /usr/local/gcc-arm-none-eabi-5_2-2015q4/bin/../lib/gcc/arm-none-eabi/5.2.1/../../../../arm-none-eabi/lib/armv7e-m/libg.a(lib_a-vsnprintf.o)
 .debug_frame   0x000000000000120c       0x2c /usr/local/gcc-arm-none-eabi-5_2-2015q4/bin/../lib/gcc/arm-none-eabi/5.2.1/../../../../arm-none-eabi/lib/armv7e-m/libg.a(lib_a-writer.o)
 .debug_frame   0x0000000000001238       0x2c /usr/local/gcc-arm-none-eabi-5_2-2015q4/bin/../lib/gcc/arm-none-eabi/5.2.1/../../../../arm-none-eabi/lib/armv7e-m/libg.a(lib_a-closer.o)
 .debug_frame   0x0000000000001264       0x44 /usr/local/gcc-arm-none-eabi-5_2-2015q4/bin/../lib/gcc/arm-none-eabi/5.2.1/../../../../arm-none-eabi/lib/armv7e-m/libg.a(lib_a-fclose.o)
 .debug_frame   0x00000000000012a8       0x6c /usr/local/gcc-arm-none-eabi-5_2-2015q4/bin/../lib/gcc/arm-none-eabi/5.2.1/../../../../arm-none-eabi/lib/armv7e-m/libg.a(lib_a-fflush.o)
 .debug_frame   0x0000000000001314       0x74 /usr/local/gcc-arm-none-eabi-5_2-2015q4/bin/../lib/gcc/arm-none-eabi/5.2.1/../../../../arm-none-eabi/lib/armv7e-m/libg.a(lib_a-freer.o)
 .debug_frame   0x0000000000001388       0x68 /usr/local/gcc-arm-none-eabi-5_2-2015q4/bin/../lib/gcc/arm-none-eabi/5.2.1/../../../../arm-none-eabi/lib/armv7e-m/libg.a(lib_a-fvwrite.o)
 .debug_frame   0x00000000000013f0       0x2c /usr/local/gcc-arm-none-eabi-5_2-2015q4/bin/../lib/gcc/arm-none-eabi/5.2.1/../../../../arm-none-eabi/lib/armv7e-m/libg.a(lib_a-lseekr.o)
 .debug_frame   0x000000000000141c       0x30 /usr/local/gcc-arm-none-eabi-5_2-2015q4/bin/../lib/gcc/arm-none-eabi/5.2.1/../../../../arm-none-eabi/lib/armv7e-m/libg.a(lib_a-memmove.o)
 .debug_frame   0x000000000000144c       0x2c /usr/local/gcc-arm-none-eabi-5_2-2015q4/bin/../lib/gcc/arm-none-eabi/5.2.1/../../../../arm-none-eabi/lib/armv7e-m/libg.a(lib_a-readr.o)
 .debug_frame   0x0000000000001478       0x60 /usr/local/gcc-arm-none-eabi-5_2-2015q4/bin/../lib/gcc/arm-none-eabi/5.2.1/../../../../arm-none-eabi/lib/armv7e-m/libg.a(lib_a-reallocr.o)
 .debug_frame   0x00000000000014d8       0x40 /usr/local/gcc-arm-none-eabi-5_2-2015q4/bin/../lib/gcc/arm-none-eabi/5.2.1/../../../../arm-none-eabi/lib/armv7e-m/libg.a(lib_a-svfprintf.o)
 .debug_frame   0x0000000000001518       0x2c /usr/local/gcc-arm-none-eabi-5_2-2015q4/bin/../lib/gcc/arm-none-eabi/5.2.1/../../../../arm-none-eabi/lib/armv7e-m/libg.a(lib_a-wsetup.o)
 .debug_frame   0x0000000000001544       0x88 /usr/local/gcc-arm-none-eabi-5_2-2015q4/bin/../lib/gcc/arm-none-eabi/5.2.1/../../../../arm-none-eabi/lib/armv7e-m/libg.a(lib_a-dtoa.o)
 .debug_frame   0x00000000000015cc       0x9c /usr/local/gcc-arm-none-eabi-5_2-2015q4/bin/../lib/gcc/arm-none-eabi/5.2.1/../../../../arm-none-eabi/lib/armv7e-m/libg.a(lib_a-locale.o)
 .debug_frame   0x0000000000001668       0x48 /usr/local/gcc-arm-none-eabi-5_2-2015q4/bin/../lib/gcc/arm-none-eabi/5.2.1/../../../../arm-none-eabi/lib/armv7e-m/libg.a(lib_a-makebuf.o)
 .debug_frame   0x00000000000016b0      0x264 /usr/local/gcc-arm-none-eabi-5_2-2015q4/bin/../lib/gcc/arm-none-eabi/5.2.1/../../../../arm-none-eabi/lib/armv7e-m/libg.a(lib_a-mprec.o)
 .debug_frame   0x0000000000001914       0x34 /usr/local/gcc-arm-none-eabi-5_2-2015q4/bin/../lib/gcc/arm-none-eabi/5.2.1/../../../../arm-none-eabi/lib/armv7e-m/libg.a(lib_a-s_fpclassify.o)
 .debug_frame   0x0000000000001948       0x78 /usr/local/gcc-arm-none-eabi-5_2-2015q4/bin/../lib/gcc/arm-none-eabi/5.2.1/../../../../arm-none-eabi/lib/armv7e-m/libg.a(lib_a-svfiprintf.o)
 .debug_frame   0x00000000000019c0       0x28 /usr/local/gcc-arm-none-eabi-5_2-2015q4/bin/../lib/gcc/arm-none-eabi/5.2.1/../../../../arm-none-eabi/lib/armv7e-m/libg.a(lib_a-callocr.o)
 .debug_frame   0x00000000000019e8       0x2c /usr/local/gcc-arm-none-eabi-5_2-2015q4/bin/../lib/gcc/arm-none-eabi/5.2.1/../../../../arm-none-eabi/lib/armv7e-m/libg.a(lib_a-fstatr.o)
 .debug_frame   0x0000000000001a14       0x2c /usr/local/gcc-arm-none-eabi-5_2-2015q4/bin/../lib/gcc/arm-none-eabi/5.2.1/../../../../arm-none-eabi/lib/armv7e-m/libg.a(lib_a-isattyr.o)
 .debug_frame   0x0000000000001a40       0x2c /usr/local/gcc-arm-none-eabi-5_2-2015q4/bin/../lib/gcc/arm-none-eabi/5.2.1/armv7e-m/libgcc.a(_aeabi_uldivmod.o)
 .debug_frame   0x0000000000001a6c       0x34 /usr/local/gcc-arm-none-eabi-5_2-2015q4/bin/../lib/gcc/arm-none-eabi/5.2.1/armv7e-m/libgcc.a(_udivmoddi4.o)

.debug_str      0x0000000000000000    0x48df5
 *(.debug_str)
 .debug_str     0x0000000000000000     0x5c90 ./system/src/newlib/_sbrk.o
                                       0x5e02 (size before relaxing)
 .debug_str     0x0000000000005c90      0xbd6 ./system/src/newlib/_startup.o
                                       0x5966 (size before relaxing)
 .debug_str     0x0000000000006866     0x3600 ./system/src/newlib/_syscalls.o
                                       0x9e84 (size before relaxing)
 .debug_str     0x0000000000009e66      0x18f ./system/src/diag/Trace.o
                                       0x7301 (size before relaxing)
 .debug_str     0x0000000000009ff5    0x39988 ./system/src/diag/trace_impl.o
                                      0x4030c (size before relaxing)
 .debug_str     0x000000000004397d       0x4e ./system/src/cortexm/_initialize_hardware.o
                                      0x3cb49 (size before relaxing)
 .debug_str     0x00000000000439cb      0x24b ./system/src/cortexm/exception_handlers.o
                                      0x41147 (size before relaxing)
 .debug_str     0x0000000000043c16      0x19f ./system/src/cmsis/system_stm32f4xx.o
                                      0x3cd07 (size before relaxing)
 .debug_str     0x0000000000043db5       0x57 ./system/src/cmsis/vectors_stm32f4xx.o
                                       0x325b (size before relaxing)
 .debug_str     0x0000000000043e0c        0xe ./src/main.o
                                       0x61b1 (size before relaxing)
 .debug_str     0x0000000000043e1a     0x309b ./Middleware/freertos_cortex_m4/FreeRTOS/Source/portable/GCC/ARM_CM3/port.o
                                       0x65f8 (size before relaxing)
 .debug_str     0x0000000000046eb5      0x230 ./Middleware/freertos_cortex_m4/FreeRTOS/Source/list.o
                                       0x83a4 (size before relaxing)
 .debug_str     0x00000000000470e5     0x1726 ./Middleware/freertos_cortex_m4/FreeRTOS/Source/tasks.o
                                       0x9fbe (size before relaxing)
 .debug_str     0x000000000004880b      0x5ea ./Drivers/timer.o
                                      0x3d1a2 (size before relaxing)

.debug_loc      0x0000000000000000     0x2f0e
 *(.debug_loc)
 .debug_loc     0x0000000000000000       0x82 ./system/src/newlib/_sbrk.o
 .debug_loc     0x0000000000000082      0x265 ./system/src/newlib/_startup.o
 .debug_loc     0x00000000000002e7      0xf15 ./system/src/newlib/_syscalls.o
 .debug_loc     0x00000000000011fc      0x102 ./system/src/diag/Trace.o
 .debug_loc     0x00000000000012fe      0x125 ./system/src/diag/trace_impl.o
 .debug_loc     0x0000000000001423      0x43a ./system/src/cortexm/exception_handlers.o
 .debug_loc     0x000000000000185d      0x132 ./system/src/cmsis/system_stm32f4xx.o
 .debug_loc     0x000000000000198f       0xa6 ./Middleware/freertos_cortex_m4/FreeRTOS/Source/portable/GCC/ARM_CM3/port.o
 .debug_loc     0x0000000000001a35       0x65 ./Middleware/freertos_cortex_m4/FreeRTOS/Source/list.o
 .debug_loc     0x0000000000001a9a     0x141b ./Middleware/freertos_cortex_m4/FreeRTOS/Source/tasks.o
 .debug_loc     0x0000000000002eb5       0x59 ./Drivers/timer.o

.debug_macinfo
 *(.debug_macinfo)

.debug_weaknames
 *(.debug_weaknames)

.debug_funcnames
 *(.debug_funcnames)

.debug_typenames
 *(.debug_typenames)

.debug_varnames
 *(.debug_varnames)
OUTPUT(AC-401.elf elf32-littlearm)

.debug_ranges   0x0000000000000000      0x528
 .debug_ranges  0x0000000000000000       0x10 ./system/src/newlib/_sbrk.o
 .debug_ranges  0x0000000000000010       0x48 ./system/src/newlib/_startup.o
 .debug_ranges  0x0000000000000058      0x148 ./system/src/newlib/_syscalls.o
 .debug_ranges  0x00000000000001a0       0x28 ./system/src/diag/Trace.o
 .debug_ranges  0x00000000000001c8       0x20 ./system/src/diag/trace_impl.o
 .debug_ranges  0x00000000000001e8       0x18 ./system/src/cortexm/_initialize_hardware.o
 .debug_ranges  0x0000000000000200       0x98 ./system/src/cortexm/exception_handlers.o
 .debug_ranges  0x0000000000000298       0x18 ./system/src/cmsis/system_stm32f4xx.o
 .debug_ranges  0x00000000000002b0       0x10 ./system/src/cmsis/vectors_stm32f4xx.o
 .debug_ranges  0x00000000000002c0       0x10 ./src/main.o
 .debug_ranges  0x00000000000002d0       0x80 ./Middleware/freertos_cortex_m4/FreeRTOS/Source/portable/GCC/ARM_CM3/port.o
 .debug_ranges  0x0000000000000350       0x30 ./Middleware/freertos_cortex_m4/FreeRTOS/Source/list.o
 .debug_ranges  0x0000000000000380      0x180 ./Middleware/freertos_cortex_m4/FreeRTOS/Source/tasks.o
 .debug_ranges  0x0000000000000500       0x28 ./Drivers/timer.o

.debug_macro    0x0000000000000000     0xc69c
 .debug_macro   0x0000000000000000      0x12e ./system/src/newlib/_sbrk.o
 .debug_macro   0x000000000000012e      0x174 ./system/src/newlib/_sbrk.o
 .debug_macro   0x00000000000002a2       0x10 ./system/src/newlib/_sbrk.o
 .debug_macro   0x00000000000002b2      0x23b ./system/src/newlib/_sbrk.o
 .debug_macro   0x00000000000004ed      0x14d ./system/src/newlib/_startup.o
 .debug_macro   0x000000000000063a       0x44 ./system/src/newlib/_startup.o
 .debug_macro   0x000000000000067e       0xfd ./system/src/newlib/_startup.o
 .debug_macro   0x000000000000077b      0x1df ./system/src/newlib/_startup.o
 .debug_macro   0x000000000000095a      0x289 ./system/src/newlib/_syscalls.o
 .debug_macro   0x0000000000000be3       0x10 ./system/src/newlib/_syscalls.o
 .debug_macro   0x0000000000000bf3       0x10 ./system/src/newlib/_syscalls.o
 .debug_macro   0x0000000000000c03       0x10 ./system/src/newlib/_syscalls.o
 .debug_macro   0x0000000000000c13       0x35 ./system/src/newlib/_syscalls.o
 .debug_macro   0x0000000000000c48      0x122 ./system/src/newlib/_syscalls.o
 .debug_macro   0x0000000000000d6a      0x1cd ./system/src/newlib/_syscalls.o
 .debug_macro   0x0000000000000f37       0x10 ./system/src/newlib/_syscalls.o
 .debug_macro   0x0000000000000f47       0x1c ./system/src/newlib/_syscalls.o
 .debug_macro   0x0000000000000f63       0x10 ./system/src/newlib/_syscalls.o
 .debug_macro   0x0000000000000f73       0x16 ./system/src/newlib/_syscalls.o
 .debug_macro   0x0000000000000f89      0x197 ./system/src/newlib/_syscalls.o
 .debug_macro   0x0000000000001120       0x16 ./system/src/newlib/_syscalls.o
 .debug_macro   0x0000000000001136       0x88 ./system/src/newlib/_syscalls.o
 .debug_macro   0x00000000000011be      0x241 ./system/src/newlib/_syscalls.o
 .debug_macro   0x00000000000013ff       0x16 ./system/src/newlib/_syscalls.o
 .debug_macro   0x0000000000001415       0x3a ./system/src/newlib/_syscalls.o
 .debug_macro   0x000000000000144f       0xac ./system/src/newlib/_syscalls.o
 .debug_macro   0x00000000000014fb      0x159 ./system/src/newlib/_syscalls.o
 .debug_macro   0x0000000000001654       0x16 ./system/src/newlib/_syscalls.o
 .debug_macro   0x000000000000166a       0x22 ./system/src/newlib/_syscalls.o
 .debug_macro   0x000000000000168c      0x19f ./system/src/diag/Trace.o
 .debug_macro   0x000000000000182b       0x16 ./system/src/diag/Trace.o
 .debug_macro   0x0000000000001841       0x97 ./system/src/diag/Trace.o
 .debug_macro   0x00000000000018d8       0xfd ./system/src/diag/Trace.o
 .debug_macro   0x00000000000019d5       0x52 ./system/src/diag/Trace.o
 .debug_macro   0x0000000000001a27      0x1cd ./system/src/diag/trace_impl.o
 .debug_macro   0x0000000000001bf4       0x28 ./system/src/diag/trace_impl.o
 .debug_macro   0x0000000000001c1c       0x28 ./system/src/diag/trace_impl.o
 .debug_macro   0x0000000000001c44       0x3b ./system/src/diag/trace_impl.o
 .debug_macro   0x0000000000001c7f       0x2d ./system/src/diag/trace_impl.o
 .debug_macro   0x0000000000001cac       0x26 ./system/src/diag/trace_impl.o
 .debug_macro   0x0000000000001cd2      0xd39 ./system/src/diag/trace_impl.o
 .debug_macro   0x0000000000002a0b     0x8fae ./system/src/diag/trace_impl.o
 .debug_macro   0x000000000000b9b9       0x43 ./system/src/diag/trace_impl.o
 .debug_macro   0x000000000000b9fc       0x10 ./system/src/diag/trace_impl.o
 .debug_macro   0x000000000000ba0c       0xcf ./system/src/diag/trace_impl.o
 .debug_macro   0x000000000000badb       0x19 ./system/src/diag/trace_impl.o
 .debug_macro   0x000000000000baf4       0xbe ./system/src/diag/trace_impl.o
 .debug_macro   0x000000000000bbb2       0xb4 ./system/src/cortexm/_initialize_hardware.o
 .debug_macro   0x000000000000bc66      0x21d ./system/src/cortexm/exception_handlers.o
 .debug_macro   0x000000000000be83       0x10 ./system/src/cortexm/exception_handlers.o
 .debug_macro   0x000000000000be93       0xbc ./system/src/cmsis/system_stm32f4xx.o
 .debug_macro   0x000000000000bf4f       0x64 ./system/src/cmsis/vectors_stm32f4xx.o
 .debug_macro   0x000000000000bfb3      0x14e ./src/main.o
 .debug_macro   0x000000000000c101      0x157 ./Middleware/freertos_cortex_m4/FreeRTOS/Source/portable/GCC/ARM_CM3/port.o
 .debug_macro   0x000000000000c258      0x15e ./Middleware/freertos_cortex_m4/FreeRTOS/Source/list.o
 .debug_macro   0x000000000000c3b6      0x20c ./Middleware/freertos_cortex_m4/FreeRTOS/Source/tasks.o
 .debug_macro   0x000000000000c5c2       0x16 ./Middleware/freertos_cortex_m4/FreeRTOS/Source/tasks.o
 .debug_macro   0x000000000000c5d8       0xc4 ./Drivers/timer.o
